  복원할 프로젝트를 확인하는 중...
  복원할 모든 프로젝트가 최신 상태입니다.
  SpatialCheckPro -> G:\SpatialCheckPro2\SpatialCheckPro\bin\Debug\net8.0\SpatialCheckPro.dll
G:\SpatialCheckPro2\SpatialCheckPro.GUI\MainWindow.xaml.cs(27,42): error CS0116: 네임스페이스는 필드, 메서드 또는 문과 같은 멤버를 직접 포함할 수 없습니다. [G:\SpatialCheckPro2\SpatialCheckPro.GUI\SpatialCheckPro.GUI_4fofweo0_wpftmp.csproj]
G:\SpatialCheckPro2\SpatialCheckPro.GUI\MainWindow.xaml.cs(27,52): error CS1026: )가 필요합니다. [G:\SpatialCheckPro2\SpatialCheckPro.GUI\SpatialCheckPro.GUI_4fofweo0_wpftmp.csproj]
G:\SpatialCheckPro2\SpatialCheckPro.GUI\MainWindow.xaml.cs(27,52): error CS1022: 형식이나 네임스페이스 정의 또는 파일 끝(EOF)이 필요합니다. [G:\SpatialCheckPro2\SpatialCheckPro.GUI\SpatialCheckPro.GUI_4fofweo0_wpftmp.csproj]
G:\SpatialCheckPro2\SpatialCheckPro.GUI\MainWindow.xaml.cs(29,9): error CS1022: 형식이나 네임스페이스 정의 또는 파일 끝(EOF)이 필요합니다. [G:\SpatialCheckPro2\SpatialCheckPro.GUI\SpatialCheckPro.GUI_4fofweo0_wpftmp.csproj]
G:\SpatialCheckPro2\SpatialCheckPro.GUI\MainWindow.xaml.cs(34,9): error CS8803: 최상위 문은 네임스페이스 및 형식 선언 앞에 와야 합니다. [G:\SpatialCheckPro2\SpatialCheckPro.GUI\SpatialCheckPro.GUI_4fofweo0_wpftmp.csproj]
G:\SpatialCheckPro2\SpatialCheckPro.GUI\MainWindow.xaml.cs(34,9): error CS0106: 이 항목의 'private' 한정자가 유효하지 않습니다. [G:\SpatialCheckPro2\SpatialCheckPro.GUI\SpatialCheckPro.GUI_4fofweo0_wpftmp.csproj]
G:\SpatialCheckPro2\SpatialCheckPro.GUI\MainWindow.xaml.cs(59,9): error CS0106: 이 항목의 'private' 한정자가 유효하지 않습니다. [G:\SpatialCheckPro2\SpatialCheckPro.GUI\SpatialCheckPro.GUI_4fofweo0_wpftmp.csproj]
G:\SpatialCheckPro2\SpatialCheckPro.GUI\MainWindow.xaml.cs(77,9): error CS0106: 이 항목의 'private' 한정자가 유효하지 않습니다. [G:\SpatialCheckPro2\SpatialCheckPro.GUI\SpatialCheckPro.GUI_4fofweo0_wpftmp.csproj]
G:\SpatialCheckPro2\SpatialCheckPro.GUI\MainWindow.xaml.cs(101,9): error CS0106: 이 항목의 'private' 한정자가 유효하지 않습니다. [G:\SpatialCheckPro2\SpatialCheckPro.GUI\SpatialCheckPro.GUI_4fofweo0_wpftmp.csproj]
G:\SpatialCheckPro2\SpatialCheckPro.GUI\MainWindow.xaml.cs(119,9): error CS0106: 이 항목의 'private' 한정자가 유효하지 않습니다. [G:\SpatialCheckPro2\SpatialCheckPro.GUI\SpatialCheckPro.GUI_4fofweo0_wpftmp.csproj]
G:\SpatialCheckPro2\SpatialCheckPro.GUI\MainWindow.xaml.cs(136,9): error CS0106: 이 항목의 'private' 한정자가 유효하지 않습니다. [G:\SpatialCheckPro2\SpatialCheckPro.GUI\SpatialCheckPro.GUI_4fofweo0_wpftmp.csproj]
G:\SpatialCheckPro2\SpatialCheckPro.GUI\MainWindow.xaml.cs(153,9): error CS0106: 이 항목의 'private' 한정자가 유효하지 않습니다. [G:\SpatialCheckPro2\SpatialCheckPro.GUI\SpatialCheckPro.GUI_4fofweo0_wpftmp.csproj]
G:\SpatialCheckPro2\SpatialCheckPro.GUI\MainWindow.xaml.cs(166,9): error CS0106: 이 항목의 'private' 한정자가 유효하지 않습니다. [G:\SpatialCheckPro2\SpatialCheckPro.GUI\SpatialCheckPro.GUI_4fofweo0_wpftmp.csproj]
G:\SpatialCheckPro2\SpatialCheckPro.GUI\MainWindow.xaml.cs(212,9): error CS0106: 이 항목의 'private' 한정자가 유효하지 않습니다. [G:\SpatialCheckPro2\SpatialCheckPro.GUI\SpatialCheckPro.GUI_4fofweo0_wpftmp.csproj]
G:\SpatialCheckPro2\SpatialCheckPro.GUI\MainWindow.xaml.cs(214,35): error CS1002: ;이 필요합니다. [G:\SpatialCheckPro2\SpatialCheckPro.GUI\SpatialCheckPro.GUI_4fofweo0_wpftmp.csproj]
G:\SpatialCheckPro2\SpatialCheckPro.GUI\MainWindow.xaml.cs(214,35): error CS1513: }가 필요합니다. [G:\SpatialCheckPro2\SpatialCheckPro.GUI\SpatialCheckPro.GUI_4fofweo0_wpftmp.csproj]
G:\SpatialCheckPro2\SpatialCheckPro.GUI\MainWindow.xaml.cs(214,49): error CS1002: ;이 필요합니다. [G:\SpatialCheckPro2\SpatialCheckPro.GUI\SpatialCheckPro.GUI_4fofweo0_wpftmp.csproj]
G:\SpatialCheckPro2\SpatialCheckPro.GUI\MainWindow.xaml.cs(214,49): error CS1513: }가 필요합니다. [G:\SpatialCheckPro2\SpatialCheckPro.GUI\SpatialCheckPro.GUI_4fofweo0_wpftmp.csproj]
G:\SpatialCheckPro2\SpatialCheckPro.GUI\MainWindow.xaml.cs(214,67): error CS1002: ;이 필요합니다. [G:\SpatialCheckPro2\SpatialCheckPro.GUI\SpatialCheckPro.GUI_4fofweo0_wpftmp.csproj]
G:\SpatialCheckPro2\SpatialCheckPro.GUI\MainWindow.xaml.cs(214,67): error CS1513: }가 필요합니다. [G:\SpatialCheckPro2\SpatialCheckPro.GUI\SpatialCheckPro.GUI_4fofweo0_wpftmp.csproj]
G:\SpatialCheckPro2\SpatialCheckPro.GUI\MainWindow.xaml.cs(215,43): error CS1002: ;이 필요합니다. [G:\SpatialCheckPro2\SpatialCheckPro.GUI\SpatialCheckPro.GUI_4fofweo0_wpftmp.csproj]
G:\SpatialCheckPro2\SpatialCheckPro.GUI\MainWindow.xaml.cs(215,43): error CS1513: }가 필요합니다. [G:\SpatialCheckPro2\SpatialCheckPro.GUI\SpatialCheckPro.GUI_4fofweo0_wpftmp.csproj]
G:\SpatialCheckPro2\SpatialCheckPro.GUI\MainWindow.xaml.cs(215,62): error CS1002: ;이 필요합니다. [G:\SpatialCheckPro2\SpatialCheckPro.GUI\SpatialCheckPro.GUI_4fofweo0_wpftmp.csproj]
G:\SpatialCheckPro2\SpatialCheckPro.GUI\MainWindow.xaml.cs(215,62): error CS1513: }가 필요합니다. [G:\SpatialCheckPro2\SpatialCheckPro.GUI\SpatialCheckPro.GUI_4fofweo0_wpftmp.csproj]
G:\SpatialCheckPro2\SpatialCheckPro.GUI\MainWindow.xaml.cs(215,84): error CS1002: ;이 필요합니다. [G:\SpatialCheckPro2\SpatialCheckPro.GUI\SpatialCheckPro.GUI_4fofweo0_wpftmp.csproj]
G:\SpatialCheckPro2\SpatialCheckPro.GUI\MainWindow.xaml.cs(215,84): error CS1513: }가 필요합니다. [G:\SpatialCheckPro2\SpatialCheckPro.GUI\SpatialCheckPro.GUI_4fofweo0_wpftmp.csproj]
G:\SpatialCheckPro2\SpatialCheckPro.GUI\MainWindow.xaml.cs(252,13): error CS1022: 형식이나 네임스페이스 정의 또는 파일 끝(EOF)이 필요합니다. [G:\SpatialCheckPro2\SpatialCheckPro.GUI\SpatialCheckPro.GUI_4fofweo0_wpftmp.csproj]
G:\SpatialCheckPro2\SpatialCheckPro.GUI\MainWindow.xaml.cs(253,13): error CS1022: 형식이나 네임스페이스 정의 또는 파일 끝(EOF)이 필요합니다. [G:\SpatialCheckPro2\SpatialCheckPro.GUI\SpatialCheckPro.GUI_4fofweo0_wpftmp.csproj]
G:\SpatialCheckPro2\SpatialCheckPro.GUI\MainWindow.xaml.cs(253,30): error CS1026: )가 필요합니다. [G:\SpatialCheckPro2\SpatialCheckPro.GUI\SpatialCheckPro.GUI_4fofweo0_wpftmp.csproj]
G:\SpatialCheckPro2\SpatialCheckPro.GUI\MainWindow.xaml.cs(253,30): error CS1002: ;이 필요합니다. [G:\SpatialCheckPro2\SpatialCheckPro.GUI\SpatialCheckPro.GUI_4fofweo0_wpftmp.csproj]
G:\SpatialCheckPro2\SpatialCheckPro.GUI\MainWindow.xaml.cs(253,32): error CS1001: 식별자가 필요합니다. [G:\SpatialCheckPro2\SpatialCheckPro.GUI\SpatialCheckPro.GUI_4fofweo0_wpftmp.csproj]
G:\SpatialCheckPro2\SpatialCheckPro.GUI\MainWindow.xaml.cs(253,32): error CS1003: 구문 오류입니다. ','이(가) 필요합니다. [G:\SpatialCheckPro2\SpatialCheckPro.GUI\SpatialCheckPro.GUI_4fofweo0_wpftmp.csproj]
G:\SpatialCheckPro2\SpatialCheckPro.GUI\MainWindow.xaml.cs(255,39): error CS1001: 식별자가 필요합니다. [G:\SpatialCheckPro2\SpatialCheckPro.GUI\SpatialCheckPro.GUI_4fofweo0_wpftmp.csproj]
G:\SpatialCheckPro2\SpatialCheckPro.GUI\MainWindow.xaml.cs(255,39): error CS1003: 구문 오류입니다. ','이(가) 필요합니다. [G:\SpatialCheckPro2\SpatialCheckPro.GUI\SpatialCheckPro.GUI_4fofweo0_wpftmp.csproj]
G:\SpatialCheckPro2\SpatialCheckPro.GUI\MainWindow.xaml.cs(256,13): error CS1022: 형식이나 네임스페이스 정의 또는 파일 끝(EOF)이 필요합니다. [G:\SpatialCheckPro2\SpatialCheckPro.GUI\SpatialCheckPro.GUI_4fofweo0_wpftmp.csproj]
G:\SpatialCheckPro2\SpatialCheckPro.GUI\MainWindow.xaml.cs(259,9): error CS1022: 형식이나 네임스페이스 정의 또는 파일 끝(EOF)이 필요합니다. [G:\SpatialCheckPro2\SpatialCheckPro.GUI\SpatialCheckPro.GUI_4fofweo0_wpftmp.csproj]
G:\SpatialCheckPro2\SpatialCheckPro.GUI\MainWindow.xaml.cs(264,9): error CS0106: 이 항목의 'private' 한정자가 유효하지 않습니다. [G:\SpatialCheckPro2\SpatialCheckPro.GUI\SpatialCheckPro.GUI_4fofweo0_wpftmp.csproj]
G:\SpatialCheckPro2\SpatialCheckPro.GUI\MainWindow.xaml.cs(275,3): error CS0106: 이 항목의 'private' 한정자가 유효하지 않습니다. [G:\SpatialCheckPro2\SpatialCheckPro.GUI\SpatialCheckPro.GUI_4fofweo0_wpftmp.csproj]
G:\SpatialCheckPro2\SpatialCheckPro.GUI\MainWindow.xaml.cs(296,9): error CS0106: 이 항목의 'private' 한정자가 유효하지 않습니다. [G:\SpatialCheckPro2\SpatialCheckPro.GUI\SpatialCheckPro.GUI_4fofweo0_wpftmp.csproj]
G:\SpatialCheckPro2\SpatialCheckPro.GUI\MainWindow.xaml.cs(311,9): error CS0106: 이 항목의 'private' 한정자가 유효하지 않습니다. [G:\SpatialCheckPro2\SpatialCheckPro.GUI\SpatialCheckPro.GUI_4fofweo0_wpftmp.csproj]
G:\SpatialCheckPro2\SpatialCheckPro.GUI\MainWindow.xaml.cs(321,9): error CS0106: 이 항목의 'private' 한정자가 유효하지 않습니다. [G:\SpatialCheckPro2\SpatialCheckPro.GUI\SpatialCheckPro.GUI_4fofweo0_wpftmp.csproj]
G:\SpatialCheckPro2\SpatialCheckPro.GUI\MainWindow.xaml.cs(385,9): error CS0106: 이 항목의 'private' 한정자가 유효하지 않습니다. [G:\SpatialCheckPro2\SpatialCheckPro.GUI\SpatialCheckPro.GUI_4fofweo0_wpftmp.csproj]
G:\SpatialCheckPro2\SpatialCheckPro.GUI\MainWindow.xaml.cs(632,9): error CS0106: 이 항목의 'private' 한정자가 유효하지 않습니다. [G:\SpatialCheckPro2\SpatialCheckPro.GUI\SpatialCheckPro.GUI_4fofweo0_wpftmp.csproj]
G:\SpatialCheckPro2\SpatialCheckPro.GUI\MainWindow.xaml.cs(679,9): error CS0106: 이 항목의 'private' 한정자가 유효하지 않습니다. [G:\SpatialCheckPro2\SpatialCheckPro.GUI\SpatialCheckPro.GUI_4fofweo0_wpftmp.csproj]
G:\SpatialCheckPro2\SpatialCheckPro.GUI\MainWindow.xaml.cs(702,9): error CS0106: 이 항목의 'private' 한정자가 유효하지 않습니다. [G:\SpatialCheckPro2\SpatialCheckPro.GUI\SpatialCheckPro.GUI_4fofweo0_wpftmp.csproj]
G:\SpatialCheckPro2\SpatialCheckPro.GUI\MainWindow.xaml.cs(1051,9): error CS0106: 이 항목의 'private' 한정자가 유효하지 않습니다. [G:\SpatialCheckPro2\SpatialCheckPro.GUI\SpatialCheckPro.GUI_4fofweo0_wpftmp.csproj]
G:\SpatialCheckPro2\SpatialCheckPro.GUI\MainWindow.xaml.cs(1073,9): error CS0106: 이 항목의 'public' 한정자가 유효하지 않습니다. [G:\SpatialCheckPro2\SpatialCheckPro.GUI\SpatialCheckPro.GUI_4fofweo0_wpftmp.csproj]
G:\SpatialCheckPro2\SpatialCheckPro.GUI\MainWindow.xaml.cs(1103,9): error CS0106: 이 항목의 'public' 한정자가 유효하지 않습니다. [G:\SpatialCheckPro2\SpatialCheckPro.GUI\SpatialCheckPro.GUI_4fofweo0_wpftmp.csproj]
G:\SpatialCheckPro2\SpatialCheckPro.GUI\MainWindow.xaml.cs(1114,9): error CS0106: 이 항목의 'public' 한정자가 유효하지 않습니다. [G:\SpatialCheckPro2\SpatialCheckPro.GUI\SpatialCheckPro.GUI_4fofweo0_wpftmp.csproj]
G:\SpatialCheckPro2\SpatialCheckPro.GUI\MainWindow.xaml.cs(1123,9): error CS0106: 이 항목의 'private' 한정자가 유효하지 않습니다. [G:\SpatialCheckPro2\SpatialCheckPro.GUI\SpatialCheckPro.GUI_4fofweo0_wpftmp.csproj]
G:\SpatialCheckPro2\SpatialCheckPro.GUI\MainWindow.xaml.cs(1133,9): error CS0106: 이 항목의 'private' 한정자가 유효하지 않습니다. [G:\SpatialCheckPro2\SpatialCheckPro.GUI\SpatialCheckPro.GUI_4fofweo0_wpftmp.csproj]
G:\SpatialCheckPro2\SpatialCheckPro.GUI\MainWindow.xaml.cs(1145,9): error CS0106: 이 항목의 'private' 한정자가 유효하지 않습니다. [G:\SpatialCheckPro2\SpatialCheckPro.GUI\SpatialCheckPro.GUI_4fofweo0_wpftmp.csproj]
G:\SpatialCheckPro2\SpatialCheckPro.GUI\MainWindow.xaml.cs(1181,9): error CS0106: 이 항목의 'private' 한정자가 유효하지 않습니다. [G:\SpatialCheckPro2\SpatialCheckPro.GUI\SpatialCheckPro.GUI_4fofweo0_wpftmp.csproj]
G:\SpatialCheckPro2\SpatialCheckPro.GUI\MainWindow.xaml.cs(1219,9): error CS0106: 이 항목의 'private' 한정자가 유효하지 않습니다. [G:\SpatialCheckPro2\SpatialCheckPro.GUI\SpatialCheckPro.GUI_4fofweo0_wpftmp.csproj]
G:\SpatialCheckPro2\SpatialCheckPro.GUI\MainWindow.xaml.cs(1252,9): error CS0106: 이 항목의 'private' 한정자가 유효하지 않습니다. [G:\SpatialCheckPro2\SpatialCheckPro.GUI\SpatialCheckPro.GUI_4fofweo0_wpftmp.csproj]
G:\SpatialCheckPro2\SpatialCheckPro.GUI\MainWindow.xaml.cs(1278,5): error CS1022: 형식이나 네임스페이스 정의 또는 파일 끝(EOF)이 필요합니다. [G:\SpatialCheckPro2\SpatialCheckPro.GUI\SpatialCheckPro.GUI_4fofweo0_wpftmp.csproj]
G:\SpatialCheckPro2\SpatialCheckPro.GUI\MainWindow.xaml.cs(1279,1): error CS1022: 형식이나 네임스페이스 정의 또는 파일 끝(EOF)이 필요합니다. [G:\SpatialCheckPro2\SpatialCheckPro.GUI\SpatialCheckPro.GUI_4fofweo0_wpftmp.csproj]

빌드하지 못했습니다.

G:\SpatialCheckPro2\SpatialCheckPro.GUI\MainWindow.xaml.cs(27,42): error CS0116: 네임스페이스는 필드, 메서드 또는 문과 같은 멤버를 직접 포함할 수 없습니다. [G:\SpatialCheckPro2\SpatialCheckPro.GUI\SpatialCheckPro.GUI_4fofweo0_wpftmp.csproj]
G:\SpatialCheckPro2\SpatialCheckPro.GUI\MainWindow.xaml.cs(27,52): error CS1026: )가 필요합니다. [G:\SpatialCheckPro2\SpatialCheckPro.GUI\SpatialCheckPro.GUI_4fofweo0_wpftmp.csproj]
G:\SpatialCheckPro2\SpatialCheckPro.GUI\MainWindow.xaml.cs(27,52): error CS1022: 형식이나 네임스페이스 정의 또는 파일 끝(EOF)이 필요합니다. [G:\SpatialCheckPro2\SpatialCheckPro.GUI\SpatialCheckPro.GUI_4fofweo0_wpftmp.csproj]
G:\SpatialCheckPro2\SpatialCheckPro.GUI\MainWindow.xaml.cs(29,9): error CS1022: 형식이나 네임스페이스 정의 또는 파일 끝(EOF)이 필요합니다. [G:\SpatialCheckPro2\SpatialCheckPro.GUI\SpatialCheckPro.GUI_4fofweo0_wpftmp.csproj]
G:\SpatialCheckPro2\SpatialCheckPro.GUI\MainWindow.xaml.cs(34,9): error CS8803: 최상위 문은 네임스페이스 및 형식 선언 앞에 와야 합니다. [G:\SpatialCheckPro2\SpatialCheckPro.GUI\SpatialCheckPro.GUI_4fofweo0_wpftmp.csproj]
G:\SpatialCheckPro2\SpatialCheckPro.GUI\MainWindow.xaml.cs(34,9): error CS0106: 이 항목의 'private' 한정자가 유효하지 않습니다. [G:\SpatialCheckPro2\SpatialCheckPro.GUI\SpatialCheckPro.GUI_4fofweo0_wpftmp.csproj]
G:\SpatialCheckPro2\SpatialCheckPro.GUI\MainWindow.xaml.cs(59,9): error CS0106: 이 항목의 'private' 한정자가 유효하지 않습니다. [G:\SpatialCheckPro2\SpatialCheckPro.GUI\SpatialCheckPro.GUI_4fofweo0_wpftmp.csproj]
G:\SpatialCheckPro2\SpatialCheckPro.GUI\MainWindow.xaml.cs(77,9): error CS0106: 이 항목의 'private' 한정자가 유효하지 않습니다. [G:\SpatialCheckPro2\SpatialCheckPro.GUI\SpatialCheckPro.GUI_4fofweo0_wpftmp.csproj]
G:\SpatialCheckPro2\SpatialCheckPro.GUI\MainWindow.xaml.cs(101,9): error CS0106: 이 항목의 'private' 한정자가 유효하지 않습니다. [G:\SpatialCheckPro2\SpatialCheckPro.GUI\SpatialCheckPro.GUI_4fofweo0_wpftmp.csproj]
G:\SpatialCheckPro2\SpatialCheckPro.GUI\MainWindow.xaml.cs(119,9): error CS0106: 이 항목의 'private' 한정자가 유효하지 않습니다. [G:\SpatialCheckPro2\SpatialCheckPro.GUI\SpatialCheckPro.GUI_4fofweo0_wpftmp.csproj]
G:\SpatialCheckPro2\SpatialCheckPro.GUI\MainWindow.xaml.cs(136,9): error CS0106: 이 항목의 'private' 한정자가 유효하지 않습니다. [G:\SpatialCheckPro2\SpatialCheckPro.GUI\SpatialCheckPro.GUI_4fofweo0_wpftmp.csproj]
G:\SpatialCheckPro2\SpatialCheckPro.GUI\MainWindow.xaml.cs(153,9): error CS0106: 이 항목의 'private' 한정자가 유효하지 않습니다. [G:\SpatialCheckPro2\SpatialCheckPro.GUI\SpatialCheckPro.GUI_4fofweo0_wpftmp.csproj]
G:\SpatialCheckPro2\SpatialCheckPro.GUI\MainWindow.xaml.cs(166,9): error CS0106: 이 항목의 'private' 한정자가 유효하지 않습니다. [G:\SpatialCheckPro2\SpatialCheckPro.GUI\SpatialCheckPro.GUI_4fofweo0_wpftmp.csproj]
G:\SpatialCheckPro2\SpatialCheckPro.GUI\MainWindow.xaml.cs(212,9): error CS0106: 이 항목의 'private' 한정자가 유효하지 않습니다. [G:\SpatialCheckPro2\SpatialCheckPro.GUI\SpatialCheckPro.GUI_4fofweo0_wpftmp.csproj]
G:\SpatialCheckPro2\SpatialCheckPro.GUI\MainWindow.xaml.cs(214,35): error CS1002: ;이 필요합니다. [G:\SpatialCheckPro2\SpatialCheckPro.GUI\SpatialCheckPro.GUI_4fofweo0_wpftmp.csproj]
G:\SpatialCheckPro2\SpatialCheckPro.GUI\MainWindow.xaml.cs(214,35): error CS1513: }가 필요합니다. [G:\SpatialCheckPro2\SpatialCheckPro.GUI\SpatialCheckPro.GUI_4fofweo0_wpftmp.csproj]
G:\SpatialCheckPro2\SpatialCheckPro.GUI\MainWindow.xaml.cs(214,49): error CS1002: ;이 필요합니다. [G:\SpatialCheckPro2\SpatialCheckPro.GUI\SpatialCheckPro.GUI_4fofweo0_wpftmp.csproj]
G:\SpatialCheckPro2\SpatialCheckPro.GUI\MainWindow.xaml.cs(214,49): error CS1513: }가 필요합니다. [G:\SpatialCheckPro2\SpatialCheckPro.GUI\SpatialCheckPro.GUI_4fofweo0_wpftmp.csproj]
G:\SpatialCheckPro2\SpatialCheckPro.GUI\MainWindow.xaml.cs(214,67): error CS1002: ;이 필요합니다. [G:\SpatialCheckPro2\SpatialCheckPro.GUI\SpatialCheckPro.GUI_4fofweo0_wpftmp.csproj]
G:\SpatialCheckPro2\SpatialCheckPro.GUI\MainWindow.xaml.cs(214,67): error CS1513: }가 필요합니다. [G:\SpatialCheckPro2\SpatialCheckPro.GUI\SpatialCheckPro.GUI_4fofweo0_wpftmp.csproj]
G:\SpatialCheckPro2\SpatialCheckPro.GUI\MainWindow.xaml.cs(215,43): error CS1002: ;이 필요합니다. [G:\SpatialCheckPro2\SpatialCheckPro.GUI\SpatialCheckPro.GUI_4fofweo0_wpftmp.csproj]
G:\SpatialCheckPro2\SpatialCheckPro.GUI\MainWindow.xaml.cs(215,43): error CS1513: }가 필요합니다. [G:\SpatialCheckPro2\SpatialCheckPro.GUI\SpatialCheckPro.GUI_4fofweo0_wpftmp.csproj]
G:\SpatialCheckPro2\SpatialCheckPro.GUI\MainWindow.xaml.cs(215,62): error CS1002: ;이 필요합니다. [G:\SpatialCheckPro2\SpatialCheckPro.GUI\SpatialCheckPro.GUI_4fofweo0_wpftmp.csproj]
G:\SpatialCheckPro2\SpatialCheckPro.GUI\MainWindow.xaml.cs(215,62): error CS1513: }가 필요합니다. [G:\SpatialCheckPro2\SpatialCheckPro.GUI\SpatialCheckPro.GUI_4fofweo0_wpftmp.csproj]
G:\SpatialCheckPro2\SpatialCheckPro.GUI\MainWindow.xaml.cs(215,84): error CS1002: ;이 필요합니다. [G:\SpatialCheckPro2\SpatialCheckPro.GUI\SpatialCheckPro.GUI_4fofweo0_wpftmp.csproj]
G:\SpatialCheckPro2\SpatialCheckPro.GUI\MainWindow.xaml.cs(215,84): error CS1513: }가 필요합니다. [G:\SpatialCheckPro2\SpatialCheckPro.GUI\SpatialCheckPro.GUI_4fofweo0_wpftmp.csproj]
G:\SpatialCheckPro2\SpatialCheckPro.GUI\MainWindow.xaml.cs(252,13): error CS1022: 형식이나 네임스페이스 정의 또는 파일 끝(EOF)이 필요합니다. [G:\SpatialCheckPro2\SpatialCheckPro.GUI\SpatialCheckPro.GUI_4fofweo0_wpftmp.csproj]
G:\SpatialCheckPro2\SpatialCheckPro.GUI\MainWindow.xaml.cs(253,13): error CS1022: 형식이나 네임스페이스 정의 또는 파일 끝(EOF)이 필요합니다. [G:\SpatialCheckPro2\SpatialCheckPro.GUI\SpatialCheckPro.GUI_4fofweo0_wpftmp.csproj]
G:\SpatialCheckPro2\SpatialCheckPro.GUI\MainWindow.xaml.cs(253,30): error CS1026: )가 필요합니다. [G:\SpatialCheckPro2\SpatialCheckPro.GUI\SpatialCheckPro.GUI_4fofweo0_wpftmp.csproj]
G:\SpatialCheckPro2\SpatialCheckPro.GUI\MainWindow.xaml.cs(253,30): error CS1002: ;이 필요합니다. [G:\SpatialCheckPro2\SpatialCheckPro.GUI\SpatialCheckPro.GUI_4fofweo0_wpftmp.csproj]
G:\SpatialCheckPro2\SpatialCheckPro.GUI\MainWindow.xaml.cs(253,32): error CS1001: 식별자가 필요합니다. [G:\SpatialCheckPro2\SpatialCheckPro.GUI\SpatialCheckPro.GUI_4fofweo0_wpftmp.csproj]
G:\SpatialCheckPro2\SpatialCheckPro.GUI\MainWindow.xaml.cs(253,32): error CS1003: 구문 오류입니다. ','이(가) 필요합니다. [G:\SpatialCheckPro2\SpatialCheckPro.GUI\SpatialCheckPro.GUI_4fofweo0_wpftmp.csproj]
G:\SpatialCheckPro2\SpatialCheckPro.GUI\MainWindow.xaml.cs(255,39): error CS1001: 식별자가 필요합니다. [G:\SpatialCheckPro2\SpatialCheckPro.GUI\SpatialCheckPro.GUI_4fofweo0_wpftmp.csproj]
G:\SpatialCheckPro2\SpatialCheckPro.GUI\MainWindow.xaml.cs(255,39): error CS1003: 구문 오류입니다. ','이(가) 필요합니다. [G:\SpatialCheckPro2\SpatialCheckPro.GUI\SpatialCheckPro.GUI_4fofweo0_wpftmp.csproj]
G:\SpatialCheckPro2\SpatialCheckPro.GUI\MainWindow.xaml.cs(256,13): error CS1022: 형식이나 네임스페이스 정의 또는 파일 끝(EOF)이 필요합니다. [G:\SpatialCheckPro2\SpatialCheckPro.GUI\SpatialCheckPro.GUI_4fofweo0_wpftmp.csproj]
G:\SpatialCheckPro2\SpatialCheckPro.GUI\MainWindow.xaml.cs(259,9): error CS1022: 형식이나 네임스페이스 정의 또는 파일 끝(EOF)이 필요합니다. [G:\SpatialCheckPro2\SpatialCheckPro.GUI\SpatialCheckPro.GUI_4fofweo0_wpftmp.csproj]
G:\SpatialCheckPro2\SpatialCheckPro.GUI\MainWindow.xaml.cs(264,9): error CS0106: 이 항목의 'private' 한정자가 유효하지 않습니다. [G:\SpatialCheckPro2\SpatialCheckPro.GUI\SpatialCheckPro.GUI_4fofweo0_wpftmp.csproj]
G:\SpatialCheckPro2\SpatialCheckPro.GUI\MainWindow.xaml.cs(275,3): error CS0106: 이 항목의 'private' 한정자가 유효하지 않습니다. [G:\SpatialCheckPro2\SpatialCheckPro.GUI\SpatialCheckPro.GUI_4fofweo0_wpftmp.csproj]
G:\SpatialCheckPro2\SpatialCheckPro.GUI\MainWindow.xaml.cs(296,9): error CS0106: 이 항목의 'private' 한정자가 유효하지 않습니다. [G:\SpatialCheckPro2\SpatialCheckPro.GUI\SpatialCheckPro.GUI_4fofweo0_wpftmp.csproj]
G:\SpatialCheckPro2\SpatialCheckPro.GUI\MainWindow.xaml.cs(311,9): error CS0106: 이 항목의 'private' 한정자가 유효하지 않습니다. [G:\SpatialCheckPro2\SpatialCheckPro.GUI\SpatialCheckPro.GUI_4fofweo0_wpftmp.csproj]
G:\SpatialCheckPro2\SpatialCheckPro.GUI\MainWindow.xaml.cs(321,9): error CS0106: 이 항목의 'private' 한정자가 유효하지 않습니다. [G:\SpatialCheckPro2\SpatialCheckPro.GUI\SpatialCheckPro.GUI_4fofweo0_wpftmp.csproj]
G:\SpatialCheckPro2\SpatialCheckPro.GUI\MainWindow.xaml.cs(385,9): error CS0106: 이 항목의 'private' 한정자가 유효하지 않습니다. [G:\SpatialCheckPro2\SpatialCheckPro.GUI\SpatialCheckPro.GUI_4fofweo0_wpftmp.csproj]
G:\SpatialCheckPro2\SpatialCheckPro.GUI\MainWindow.xaml.cs(632,9): error CS0106: 이 항목의 'private' 한정자가 유효하지 않습니다. [G:\SpatialCheckPro2\SpatialCheckPro.GUI\SpatialCheckPro.GUI_4fofweo0_wpftmp.csproj]
G:\SpatialCheckPro2\SpatialCheckPro.GUI\MainWindow.xaml.cs(679,9): error CS0106: 이 항목의 'private' 한정자가 유효하지 않습니다. [G:\SpatialCheckPro2\SpatialCheckPro.GUI\SpatialCheckPro.GUI_4fofweo0_wpftmp.csproj]
G:\SpatialCheckPro2\SpatialCheckPro.GUI\MainWindow.xaml.cs(702,9): error CS0106: 이 항목의 'private' 한정자가 유효하지 않습니다. [G:\SpatialCheckPro2\SpatialCheckPro.GUI\SpatialCheckPro.GUI_4fofweo0_wpftmp.csproj]
G:\SpatialCheckPro2\SpatialCheckPro.GUI\MainWindow.xaml.cs(1051,9): error CS0106: 이 항목의 'private' 한정자가 유효하지 않습니다. [G:\SpatialCheckPro2\SpatialCheckPro.GUI\SpatialCheckPro.GUI_4fofweo0_wpftmp.csproj]
G:\SpatialCheckPro2\SpatialCheckPro.GUI\MainWindow.xaml.cs(1073,9): error CS0106: 이 항목의 'public' 한정자가 유효하지 않습니다. [G:\SpatialCheckPro2\SpatialCheckPro.GUI\SpatialCheckPro.GUI_4fofweo0_wpftmp.csproj]
G:\SpatialCheckPro2\SpatialCheckPro.GUI\MainWindow.xaml.cs(1103,9): error CS0106: 이 항목의 'public' 한정자가 유효하지 않습니다. [G:\SpatialCheckPro2\SpatialCheckPro.GUI\SpatialCheckPro.GUI_4fofweo0_wpftmp.csproj]
G:\SpatialCheckPro2\SpatialCheckPro.GUI\MainWindow.xaml.cs(1114,9): error CS0106: 이 항목의 'public' 한정자가 유효하지 않습니다. [G:\SpatialCheckPro2\SpatialCheckPro.GUI\SpatialCheckPro.GUI_4fofweo0_wpftmp.csproj]
G:\SpatialCheckPro2\SpatialCheckPro.GUI\MainWindow.xaml.cs(1123,9): error CS0106: 이 항목의 'private' 한정자가 유효하지 않습니다. [G:\SpatialCheckPro2\SpatialCheckPro.GUI\SpatialCheckPro.GUI_4fofweo0_wpftmp.csproj]
G:\SpatialCheckPro2\SpatialCheckPro.GUI\MainWindow.xaml.cs(1133,9): error CS0106: 이 항목의 'private' 한정자가 유효하지 않습니다. [G:\SpatialCheckPro2\SpatialCheckPro.GUI\SpatialCheckPro.GUI_4fofweo0_wpftmp.csproj]
G:\SpatialCheckPro2\SpatialCheckPro.GUI\MainWindow.xaml.cs(1145,9): error CS0106: 이 항목의 'private' 한정자가 유효하지 않습니다. [G:\SpatialCheckPro2\SpatialCheckPro.GUI\SpatialCheckPro.GUI_4fofweo0_wpftmp.csproj]
G:\SpatialCheckPro2\SpatialCheckPro.GUI\MainWindow.xaml.cs(1181,9): error CS0106: 이 항목의 'private' 한정자가 유효하지 않습니다. [G:\SpatialCheckPro2\SpatialCheckPro.GUI\SpatialCheckPro.GUI_4fofweo0_wpftmp.csproj]
G:\SpatialCheckPro2\SpatialCheckPro.GUI\MainWindow.xaml.cs(1219,9): error CS0106: 이 항목의 'private' 한정자가 유효하지 않습니다. [G:\SpatialCheckPro2\SpatialCheckPro.GUI\SpatialCheckPro.GUI_4fofweo0_wpftmp.csproj]
G:\SpatialCheckPro2\SpatialCheckPro.GUI\MainWindow.xaml.cs(1252,9): error CS0106: 이 항목의 'private' 한정자가 유효하지 않습니다. [G:\SpatialCheckPro2\SpatialCheckPro.GUI\SpatialCheckPro.GUI_4fofweo0_wpftmp.csproj]
G:\SpatialCheckPro2\SpatialCheckPro.GUI\MainWindow.xaml.cs(1278,5): error CS1022: 형식이나 네임스페이스 정의 또는 파일 끝(EOF)이 필요합니다. [G:\SpatialCheckPro2\SpatialCheckPro.GUI\SpatialCheckPro.GUI_4fofweo0_wpftmp.csproj]
G:\SpatialCheckPro2\SpatialCheckPro.GUI\MainWindow.xaml.cs(1279,1): error CS1022: 형식이나 네임스페이스 정의 또는 파일 끝(EOF)이 필요합니다. [G:\SpatialCheckPro2\SpatialCheckPro.GUI\SpatialCheckPro.GUI_4fofweo0_wpftmp.csproj]
    경고 0개
    오류 57개

경과 시간: 00:00:01.24
