  복원할 프로젝트를 확인하는 중...
  복원할 모든 프로젝트가 최신 상태입니다.
  SpatialCheckPro -> G:\SpatialCheckPro2\SpatialCheckPro\bin\Release\net8.0\SpatialCheckPro.dll
  SpatialCheckPro.Tests -> G:\SpatialCheckPro2\SpatialCheckPro.Tests\bin\Release\net9.0\SpatialCheckPro.Tests.dll
G:\SpatialCheckPro2\SpatialCheckPro.GUI\MainWindow.xaml.cs(575,53): error CS1501: 인수 8개를 사용하는 'ValidateAsync' 메서드에 대한 오버로드가 없습니다. [G:\SpatialCheckPro2\SpatialCheckPro.GUI\SpatialCheckPro.GUI_uzag2hrm_wpftmp.csproj]
G:\SpatialCheckPro2\SpatialCheckPro.GUI\MainWindow.xaml.cs(847,55): error CS1501: 인수 8개를 사용하는 'ValidateAsync' 메서드에 대한 오버로드가 없습니다. [G:\SpatialCheckPro2\SpatialCheckPro.GUI\SpatialCheckPro.GUI_uzag2hrm_wpftmp.csproj]
G:\SpatialCheckPro2\SpatialCheckPro.GUI\Services\SimpleValidationService.cs(381,26): error CS1501: 인수 9개를 사용하는 'ValidateAsync' 메서드에 대한 오버로드가 없습니다. [G:\SpatialCheckPro2\SpatialCheckPro.GUI\SpatialCheckPro.GUI_uzag2hrm_wpftmp.csproj]
G:\SpatialCheckPro2\SpatialCheckPro.GUI\Services\SimpleValidationService.cs(388,21): error CS0103: 'isLargeFile' 이름이 현재 컨텍스트에 없습니다. [G:\SpatialCheckPro2\SpatialCheckPro.GUI\SpatialCheckPro.GUI_uzag2hrm_wpftmp.csproj]
G:\SpatialCheckPro2\SpatialCheckPro.GUI\Services\SimpleValidationService.cs(389,21): error CS0103: 'processingMode' 이름이 현재 컨텍스트에 없습니다. [G:\SpatialCheckPro2\SpatialCheckPro.GUI\SpatialCheckPro.GUI_uzag2hrm_wpftmp.csproj]
G:\SpatialCheckPro2\SpatialCheckPro.GUI\Services\SimpleValidationService.cs(391,98): error CS0103: 'isLargeFile' 이름이 현재 컨텍스트에 없습니다. [G:\SpatialCheckPro2\SpatialCheckPro.GUI\SpatialCheckPro.GUI_uzag2hrm_wpftmp.csproj]
G:\SpatialCheckPro2\SpatialCheckPro.GUI\Services\SimpleValidationService.cs(391,111): error CS0103: 'processingMode' 이름이 현재 컨텍스트에 없습니다. [G:\SpatialCheckPro2\SpatialCheckPro.GUI\SpatialCheckPro.GUI_uzag2hrm_wpftmp.csproj]
G:\SpatialCheckPro2\SpatialCheckPro.GUI\Services\SimpleValidationService.cs(402,17): error CS0103: 'fileSize' 이름이 현재 컨텍스트에 없습니다. [G:\SpatialCheckPro2\SpatialCheckPro.GUI\SpatialCheckPro.GUI_uzag2hrm_wpftmp.csproj]
G:\SpatialCheckPro2\SpatialCheckPro.GUI\Services\SimpleValidationService.cs(403,17): error CS0103: 'sizeThresholdExceeded' 이름이 현재 컨텍스트에 없습니다. [G:\SpatialCheckPro2\SpatialCheckPro.GUI\SpatialCheckPro.GUI_uzag2hrm_wpftmp.csproj]
G:\SpatialCheckPro2\SpatialCheckPro.GUI\Services\SimpleValidationService.cs(404,17): error CS0103: 'processingMode' 이름이 현재 컨텍스트에 없습니다. [G:\SpatialCheckPro2\SpatialCheckPro.GUI\SpatialCheckPro.GUI_uzag2hrm_wpftmp.csproj]
G:\SpatialCheckPro2\SpatialCheckPro.GUI\Services\SimpleValidationService.cs(415,54): error CS0103: 'fileSize' 이름이 현재 컨텍스트에 없습니다. [G:\SpatialCheckPro2\SpatialCheckPro.GUI\SpatialCheckPro.GUI_uzag2hrm_wpftmp.csproj]
G:\SpatialCheckPro2\SpatialCheckPro.GUI\Services\SimpleValidationService.cs(438,17): error CS0103: 'cancellationToken' 이름이 현재 컨텍스트에 없습니다. [G:\SpatialCheckPro2\SpatialCheckPro.GUI\SpatialCheckPro.GUI_uzag2hrm_wpftmp.csproj]
G:\SpatialCheckPro2\SpatialCheckPro.GUI\Services\SimpleValidationService.cs(445,97): error CS0103: 'cancellationToken' 이름이 현재 컨텍스트에 없습니다. [G:\SpatialCheckPro2\SpatialCheckPro.GUI\SpatialCheckPro.GUI_uzag2hrm_wpftmp.csproj]
G:\SpatialCheckPro2\SpatialCheckPro.GUI\Services\SimpleValidationService.cs(448,29): error CS0103: 'useHighPerformanceMode' 이름이 현재 컨텍스트에 없습니다. [G:\SpatialCheckPro2\SpatialCheckPro.GUI\SpatialCheckPro.GUI_uzag2hrm_wpftmp.csproj]
G:\SpatialCheckPro2\SpatialCheckPro.GUI\Services\SimpleValidationService.cs(458,21): error CS0103: 'useHighPerformanceMode' 이름이 현재 컨텍스트에 없습니다. [G:\SpatialCheckPro2\SpatialCheckPro.GUI\SpatialCheckPro.GUI_uzag2hrm_wpftmp.csproj]
G:\SpatialCheckPro2\SpatialCheckPro.GUI\Services\SimpleValidationService.cs(473,25): error CS0103: 'useHighPerformanceMode' 이름이 현재 컨텍스트에 없습니다. [G:\SpatialCheckPro2\SpatialCheckPro.GUI\SpatialCheckPro.GUI_uzag2hrm_wpftmp.csproj]
G:\SpatialCheckPro2\SpatialCheckPro.GUI\Services\SimpleValidationService.cs(490,45): error CS0103: 'tableConfigPath' 이름이 현재 컨텍스트에 없습니다. [G:\SpatialCheckPro2\SpatialCheckPro.GUI\SpatialCheckPro.GUI_uzag2hrm_wpftmp.csproj]
G:\SpatialCheckPro2\SpatialCheckPro.GUI\Services\SimpleValidationService.cs(491,46): error CS0103: 'schemaConfigPath' 이름이 현재 컨텍스트에 없습니다. [G:\SpatialCheckPro2\SpatialCheckPro.GUI\SpatialCheckPro.GUI_uzag2hrm_wpftmp.csproj]
G:\SpatialCheckPro2\SpatialCheckPro.GUI\Services\SimpleValidationService.cs(492,48): error CS0103: 'geometryConfigPath' 이름이 현재 컨텍스트에 없습니다. [G:\SpatialCheckPro2\SpatialCheckPro.GUI\SpatialCheckPro.GUI_uzag2hrm_wpftmp.csproj]
G:\SpatialCheckPro2\SpatialCheckPro.GUI\Services\SimpleValidationService.cs(493,49): error CS0103: 'attributeConfigPath' 이름이 현재 컨텍스트에 없습니다. [G:\SpatialCheckPro2\SpatialCheckPro.GUI\SpatialCheckPro.GUI_uzag2hrm_wpftmp.csproj]
G:\SpatialCheckPro2\SpatialCheckPro.GUI\Services\SimpleValidationService.cs(494,48): error CS0103: 'relationConfigPath' 이름이 현재 컨텍스트에 없습니다. [G:\SpatialCheckPro2\SpatialCheckPro.GUI\SpatialCheckPro.GUI_uzag2hrm_wpftmp.csproj]
G:\SpatialCheckPro2\SpatialCheckPro.GUI\Services\SimpleValidationService.cs(533,21): error CS0103: 'cancellationToken' 이름이 현재 컨텍스트에 없습니다. [G:\SpatialCheckPro2\SpatialCheckPro.GUI\SpatialCheckPro.GUI_uzag2hrm_wpftmp.csproj]
G:\SpatialCheckPro2\SpatialCheckPro.GUI\Services\SimpleValidationService.cs(538,87): error CS0103: 'cancellationToken' 이름이 현재 컨텍스트에 없습니다. [G:\SpatialCheckPro2\SpatialCheckPro.GUI\SpatialCheckPro.GUI_uzag2hrm_wpftmp.csproj]
G:\SpatialCheckPro2\SpatialCheckPro.GUI\Services\SimpleValidationService.cs(569,100): error CS0103: 'codelistPath' 이름이 현재 컨텍스트에 없습니다. [G:\SpatialCheckPro2\SpatialCheckPro.GUI\SpatialCheckPro.GUI_uzag2hrm_wpftmp.csproj]
G:\SpatialCheckPro2\SpatialCheckPro.GUI\Services\SimpleValidationService.cs(569,114): error CS0103: 'cancellationToken' 이름이 현재 컨텍스트에 없습니다. [G:\SpatialCheckPro2\SpatialCheckPro.GUI\SpatialCheckPro.GUI_uzag2hrm_wpftmp.csproj]
G:\SpatialCheckPro2\SpatialCheckPro.GUI\Services\SimpleValidationService.cs(617,17): error CS0103: 'totalStopwatch' 이름이 현재 컨텍스트에 없습니다. [G:\SpatialCheckPro2\SpatialCheckPro.GUI\SpatialCheckPro.GUI_uzag2hrm_wpftmp.csproj]
G:\SpatialCheckPro2\SpatialCheckPro.GUI\Services\SimpleValidationService.cs(619,41): error CS0103: 'totalStopwatch' 이름이 현재 컨텍스트에 없습니다. [G:\SpatialCheckPro2\SpatialCheckPro.GUI\SpatialCheckPro.GUI_uzag2hrm_wpftmp.csproj]
G:\SpatialCheckPro2\SpatialCheckPro.GUI\Services\SimpleValidationService.cs(627,35): error CS0103: 'fileSize' 이름이 현재 컨텍스트에 없습니다. [G:\SpatialCheckPro2\SpatialCheckPro.GUI\SpatialCheckPro.GUI_uzag2hrm_wpftmp.csproj]
G:\SpatialCheckPro2\SpatialCheckPro.GUI\Services\SimpleValidationService.cs(383,13): warning CS0162: 접근할 수 없는 코드가 있습니다. [G:\SpatialCheckPro2\SpatialCheckPro.GUI\SpatialCheckPro.GUI_uzag2hrm_wpftmp.csproj]
G:\SpatialCheckPro2\SpatialCheckPro.GUI\Views\ValidationResultView.xaml.cs(564,54): error CS1501: 인수 9개를 사용하는 'ValidateAsync' 메서드에 대한 오버로드가 없습니다. [G:\SpatialCheckPro2\SpatialCheckPro.GUI\SpatialCheckPro.GUI_uzag2hrm_wpftmp.csproj]
G:\SpatialCheckPro2\SpatialCheckPro.GUI\MainWindow.xaml.cs(52,34): warning CS0649: 'MainWindow._timer' 필드에는 할당되지 않으므로 항상 null 기본값을 사용합니다. [G:\SpatialCheckPro2\SpatialCheckPro.GUI\SpatialCheckPro.GUI_uzag2hrm_wpftmp.csproj]
G:\SpatialCheckPro2\SpatialCheckPro.GUI\MainWindow.xaml.cs(243,13): warning CA1416: 이 호출 사이트에는 모든 플랫폼에서 연결할 수 있습니다. 'CompactValidationProgressView.ValidationStopRequested'은(는) 'windows' 7.0 이상에서만 지원됩니다. (https://learn.microsoft.com/dotnet/fundamentals/code-analysis/quality-rules/ca1416) [G:\SpatialCheckPro2\SpatialCheckPro.GUI\SpatialCheckPro.GUI_uzag2hrm_wpftmp.csproj]
G:\SpatialCheckPro2\SpatialCheckPro.GUI\MainWindow.xaml.cs(239,32): warning CA1416: 이 호출 사이트에는 모든 플랫폼에서 연결할 수 있습니다. 'CompactValidationProgressView'은(는) 'windows' 7.0 이상에서만 지원됩니다. (https://learn.microsoft.com/dotnet/fundamentals/code-analysis/quality-rules/ca1416) [G:\SpatialCheckPro2\SpatialCheckPro.GUI\SpatialCheckPro.GUI_uzag2hrm_wpftmp.csproj]
G:\SpatialCheckPro2\SpatialCheckPro.GUI\MainWindow.xaml.cs(354,21): warning CA1416: 이 호출 사이트에는 모든 플랫폼에서 연결할 수 있습니다. 'ValidationResultView'은(는) 'windows' 7.0 이상에서만 지원됩니다. (https://learn.microsoft.com/dotnet/fundamentals/code-analysis/quality-rules/ca1416) [G:\SpatialCheckPro2\SpatialCheckPro.GUI\SpatialCheckPro.GUI_uzag2hrm_wpftmp.csproj]
G:\SpatialCheckPro2\SpatialCheckPro.GUI\MainWindow.xaml.cs(356,4): warning CA1416: 이 호출 사이트에는 모든 플랫폼에서 연결할 수 있습니다. 'ValidationResultView.SetValidationResult(ValidationResult)'은(는) 'windows' 7.0 이상에서만 지원됩니다. (https://learn.microsoft.com/dotnet/fundamentals/code-analysis/quality-rules/ca1416) [G:\SpatialCheckPro2\SpatialCheckPro.GUI\SpatialCheckPro.GUI_uzag2hrm_wpftmp.csproj]
G:\SpatialCheckPro2\SpatialCheckPro.GUI\MainWindow.xaml.cs(372,17): warning CA1416: 이 호출 사이트에는 모든 플랫폼에서 연결할 수 있습니다. 'ReportView.SetValidationResult(ValidationResult?)'은(는) 'windows' 7.0 이상에서만 지원됩니다. (https://learn.microsoft.com/dotnet/fundamentals/code-analysis/quality-rules/ca1416) [G:\SpatialCheckPro2\SpatialCheckPro.GUI\SpatialCheckPro.GUI_uzag2hrm_wpftmp.csproj]
G:\SpatialCheckPro2\SpatialCheckPro.GUI\MainWindow.xaml.cs(369,30): warning CA1416: 이 호출 사이트에는 모든 플랫폼에서 연결할 수 있습니다. 'ReportView'은(는) 'windows' 7.0 이상에서만 지원됩니다. (https://learn.microsoft.com/dotnet/fundamentals/code-analysis/quality-rules/ca1416) [G:\SpatialCheckPro2\SpatialCheckPro.GUI\SpatialCheckPro.GUI_uzag2hrm_wpftmp.csproj]
G:\SpatialCheckPro2\SpatialCheckPro.GUI\MainWindow.xaml.cs(382,37): warning CA1416: 이 호출 사이트에는 모든 플랫폼에서 연결할 수 있습니다. 'WelcomeView'은(는) 'windows' 7.0 이상에서만 지원됩니다. (https://learn.microsoft.com/dotnet/fundamentals/code-analysis/quality-rules/ca1416) [G:\SpatialCheckPro2\SpatialCheckPro.GUI\SpatialCheckPro.GUI_uzag2hrm_wpftmp.csproj]
G:\SpatialCheckPro2\SpatialCheckPro.GUI\MainWindow.xaml.cs(395,39): warning CA1416: 이 호출 사이트에는 모든 플랫폼에서 연결할 수 있습니다. 'FolderBrowserDialog'은(는) 'windows' 6.1 이상에서만 지원됩니다. (https://learn.microsoft.com/dotnet/fundamentals/code-analysis/quality-rules/ca1416) [G:\SpatialCheckPro2\SpatialCheckPro.GUI\SpatialCheckPro.GUI_uzag2hrm_wpftmp.csproj]
G:\SpatialCheckPro2\SpatialCheckPro.GUI\MainWindow.xaml.cs(402,42): warning CA1416: 이 호출 사이트에는 모든 플랫폼에서 연결할 수 있습니다. 'FolderBrowserDialog.SelectedPath'은(는) 'windows' 6.1 이상에서만 지원됩니다. (https://learn.microsoft.com/dotnet/fundamentals/code-analysis/quality-rules/ca1416) [G:\SpatialCheckPro2\SpatialCheckPro.GUI\SpatialCheckPro.GUI_uzag2hrm_wpftmp.csproj]
G:\SpatialCheckPro2\SpatialCheckPro.GUI\MainWindow.xaml.cs(405,41): warning CA1416: 이 호출 사이트에는 모든 플랫폼에서 연결할 수 있습니다. 'FolderSelectionPreviewDialog'은(는) 'windows' 7.0 이상에서만 지원됩니다. (https://learn.microsoft.com/dotnet/fundamentals/code-analysis/quality-rules/ca1416) [G:\SpatialCheckPro2\SpatialCheckPro.GUI\SpatialCheckPro.GUI_uzag2hrm_wpftmp.csproj]
G:\SpatialCheckPro2\SpatialCheckPro.GUI\MainWindow.xaml.cs(410,63): warning CA1416: 이 호출 사이트에는 모든 플랫폼에서 연결할 수 있습니다. 'FolderSelectionPreviewDialog.IsContinue'은(는) 'windows' 7.0 이상에서만 지원됩니다. (https://learn.microsoft.com/dotnet/fundamentals/code-analysis/quality-rules/ca1416) [G:\SpatialCheckPro2\SpatialCheckPro.GUI\SpatialCheckPro.GUI_uzag2hrm_wpftmp.csproj]
G:\SpatialCheckPro2\SpatialCheckPro.GUI\MainWindow.xaml.cs(400,21): warning CA1416: 이 호출 사이트에는 모든 플랫폼에서 연결할 수 있습니다. 'CommonDialog.ShowDialog()'은(는) 'windows' 6.1 이상에서만 지원됩니다. (https://learn.microsoft.com/dotnet/fundamentals/code-analysis/quality-rules/ca1416) [G:\SpatialCheckPro2\SpatialCheckPro.GUI\SpatialCheckPro.GUI_uzag2hrm_wpftmp.csproj]
G:\SpatialCheckPro2\SpatialCheckPro.GUI\MainWindow.xaml.cs(414,46): warning CA1416: 이 호출 사이트에는 모든 플랫폼에서 연결할 수 있습니다. 'FolderSelectionPreviewDialog.SelectedGdbPaths'은(는) 'windows' 7.0 이상에서만 지원됩니다. (https://learn.microsoft.com/dotnet/fundamentals/code-analysis/quality-rules/ca1416) [G:\SpatialCheckPro2\SpatialCheckPro.GUI\SpatialCheckPro.GUI_uzag2hrm_wpftmp.csproj]
G:\SpatialCheckPro2\SpatialCheckPro.GUI\MainWindow.xaml.cs(398,17): warning CA1416: 이 호출 사이트에는 모든 플랫폼에서 연결할 수 있습니다. 'FolderBrowserDialog.ShowNewFolderButton'은(는) 'windows' 6.1 이상에서만 지원됩니다. (https://learn.microsoft.com/dotnet/fundamentals/code-analysis/quality-rules/ca1416) [G:\SpatialCheckPro2\SpatialCheckPro.GUI\SpatialCheckPro.GUI_uzag2hrm_wpftmp.csproj]
G:\SpatialCheckPro2\SpatialCheckPro.GUI\MainWindow.xaml.cs(397,17): warning CA1416: 이 호출 사이트에는 모든 플랫폼에서 연결할 수 있습니다. 'FolderBrowserDialog.Description'은(는) 'windows' 6.1 이상에서만 지원됩니다. (https://learn.microsoft.com/dotnet/fundamentals/code-analysis/quality-rules/ca1416) [G:\SpatialCheckPro2\SpatialCheckPro.GUI\SpatialCheckPro.GUI_uzag2hrm_wpftmp.csproj]
G:\SpatialCheckPro2\SpatialCheckPro.GUI\MainWindow.xaml.cs(1043,36): warning CA1416: 이 호출 사이트에는 모든 플랫폼에서 연결할 수 있습니다. 'ValidationSettingsView'은(는) 'windows' 7.0 이상에서만 지원됩니다. (https://learn.microsoft.com/dotnet/fundamentals/code-analysis/quality-rules/ca1416) [G:\SpatialCheckPro2\SpatialCheckPro.GUI\SpatialCheckPro.GUI_uzag2hrm_wpftmp.csproj]
G:\SpatialCheckPro2\SpatialCheckPro.GUI\MainWindow.xaml.cs(1077,57): warning CA1416: 이 호출 사이트에는 모든 플랫폼에서 연결할 수 있습니다. 'ValidationSettingsWindow.EnableStage4'은(는) 'windows' 7.0 이상에서만 지원됩니다. (https://learn.microsoft.com/dotnet/fundamentals/code-analysis/quality-rules/ca1416) [G:\SpatialCheckPro2\SpatialCheckPro.GUI\SpatialCheckPro.GUI_uzag2hrm_wpftmp.csproj]
G:\SpatialCheckPro2\SpatialCheckPro.GUI\MainWindow.xaml.cs(1075,57): warning CA1416: 이 호출 사이트에는 모든 플랫폼에서 연결할 수 있습니다. 'ValidationSettingsWindow.EnableStage2'은(는) 'windows' 7.0 이상에서만 지원됩니다. (https://learn.microsoft.com/dotnet/fundamentals/code-analysis/quality-rules/ca1416) [G:\SpatialCheckPro2\SpatialCheckPro.GUI\SpatialCheckPro.GUI_uzag2hrm_wpftmp.csproj]
G:\SpatialCheckPro2\SpatialCheckPro.GUI\MainWindow.xaml.cs(1064,63): warning CA1416: 이 호출 사이트에는 모든 플랫폼에서 연결할 수 있습니다. 'ValidationSettingsWindow.GeometryConfigPath'은(는) 'windows' 7.0 이상에서만 지원됩니다. (https://learn.microsoft.com/dotnet/fundamentals/code-analysis/quality-rules/ca1416) [G:\SpatialCheckPro2\SpatialCheckPro.GUI\SpatialCheckPro.GUI_uzag2hrm_wpftmp.csproj]
G:\SpatialCheckPro2\SpatialCheckPro.GUI\MainWindow.xaml.cs(1083,64): warning CA1416: 이 호출 사이트에는 모든 플랫폼에서 연결할 수 있습니다. 'ValidationSettingsWindow.SelectedStage4Items'은(는) 'windows' 7.0 이상에서만 지원됩니다. (https://learn.microsoft.com/dotnet/fundamentals/code-analysis/quality-rules/ca1416) [G:\SpatialCheckPro2\SpatialCheckPro.GUI\SpatialCheckPro.GUI_uzag2hrm_wpftmp.csproj]
G:\SpatialCheckPro2\SpatialCheckPro.GUI\MainWindow.xaml.cs(1062,60): warning CA1416: 이 호출 사이트에는 모든 플랫폼에서 연결할 수 있습니다. 'ValidationSettingsWindow.TableConfigPath'은(는) 'windows' 7.0 이상에서만 지원됩니다. (https://learn.microsoft.com/dotnet/fundamentals/code-analysis/quality-rules/ca1416) [G:\SpatialCheckPro2\SpatialCheckPro.GUI\SpatialCheckPro.GUI_uzag2hrm_wpftmp.csproj]
G:\SpatialCheckPro2\SpatialCheckPro.GUI\MainWindow.xaml.cs(1071,37): warning CA1416: 이 호출 사이트에는 모든 플랫폼에서 연결할 수 있습니다. 'ValidationSettingsWindow.TargetPath'은(는) 'windows' 7.0 이상에서만 지원됩니다. (https://learn.microsoft.com/dotnet/fundamentals/code-analysis/quality-rules/ca1416) [G:\SpatialCheckPro2\SpatialCheckPro.GUI\SpatialCheckPro.GUI_uzag2hrm_wpftmp.csproj]
G:\SpatialCheckPro2\SpatialCheckPro.GUI\MainWindow.xaml.cs(1069,44): warning CA1416: 이 호출 사이트에는 모든 플랫폼에서 연결할 수 있습니다. 'ValidationSettingsWindow.TargetPath'은(는) 'windows' 7.0 이상에서만 지원됩니다. (https://learn.microsoft.com/dotnet/fundamentals/code-analysis/quality-rules/ca1416) [G:\SpatialCheckPro2\SpatialCheckPro.GUI\SpatialCheckPro.GUI_uzag2hrm_wpftmp.csproj]
G:\SpatialCheckPro2\SpatialCheckPro.GUI\MainWindow.xaml.cs(1084,64): warning CA1416: 이 호출 사이트에는 모든 플랫폼에서 연결할 수 있습니다. 'ValidationSettingsWindow.SelectedStage5Items'은(는) 'windows' 7.0 이상에서만 지원됩니다. (https://learn.microsoft.com/dotnet/fundamentals/code-analysis/quality-rules/ca1416) [G:\SpatialCheckPro2\SpatialCheckPro.GUI\SpatialCheckPro.GUI_uzag2hrm_wpftmp.csproj]
G:\SpatialCheckPro2\SpatialCheckPro.GUI\MainWindow.xaml.cs(1076,57): warning CA1416: 이 호출 사이트에는 모든 플랫폼에서 연결할 수 있습니다. 'ValidationSettingsWindow.EnableStage3'은(는) 'windows' 7.0 이상에서만 지원됩니다. (https://learn.microsoft.com/dotnet/fundamentals/code-analysis/quality-rules/ca1416) [G:\SpatialCheckPro2\SpatialCheckPro.GUI\SpatialCheckPro.GUI_uzag2hrm_wpftmp.csproj]
G:\SpatialCheckPro2\SpatialCheckPro.GUI\MainWindow.xaml.cs(1066,64): warning CA1416: 이 호출 사이트에는 모든 플랫폼에서 연결할 수 있습니다. 'ValidationSettingsWindow.AttributeConfigPath'은(는) 'windows' 7.0 이상에서만 지원됩니다. (https://learn.microsoft.com/dotnet/fundamentals/code-analysis/quality-rules/ca1416) [G:\SpatialCheckPro2\SpatialCheckPro.GUI\SpatialCheckPro.GUI_uzag2hrm_wpftmp.csproj]
G:\SpatialCheckPro2\SpatialCheckPro.GUI\MainWindow.xaml.cs(1081,64): warning CA1416: 이 호출 사이트에는 모든 플랫폼에서 연결할 수 있습니다. 'ValidationSettingsWindow.SelectedStage2Items'은(는) 'windows' 7.0 이상에서만 지원됩니다. (https://learn.microsoft.com/dotnet/fundamentals/code-analysis/quality-rules/ca1416) [G:\SpatialCheckPro2\SpatialCheckPro.GUI\SpatialCheckPro.GUI_uzag2hrm_wpftmp.csproj]
G:\SpatialCheckPro2\SpatialCheckPro.GUI\MainWindow.xaml.cs(1067,65): warning CA1416: 이 호출 사이트에는 모든 플랫폼에서 연결할 수 있습니다. 'ValidationSettingsWindow.GeometryCriteriaPath'은(는) 'windows' 7.0 이상에서만 지원됩니다. (https://learn.microsoft.com/dotnet/fundamentals/code-analysis/quality-rules/ca1416) [G:\SpatialCheckPro2\SpatialCheckPro.GUI\SpatialCheckPro.GUI_uzag2hrm_wpftmp.csproj]
G:\SpatialCheckPro2\SpatialCheckPro.GUI\MainWindow.xaml.cs(1078,57): warning CA1416: 이 호출 사이트에는 모든 플랫폼에서 연결할 수 있습니다. 'ValidationSettingsWindow.EnableStage5'은(는) 'windows' 7.0 이상에서만 지원됩니다. (https://learn.microsoft.com/dotnet/fundamentals/code-analysis/quality-rules/ca1416) [G:\SpatialCheckPro2\SpatialCheckPro.GUI\SpatialCheckPro.GUI_uzag2hrm_wpftmp.csproj]
G:\SpatialCheckPro2\SpatialCheckPro.GUI\MainWindow.xaml.cs(1065,63): warning CA1416: 이 호출 사이트에는 모든 플랫폼에서 연결할 수 있습니다. 'ValidationSettingsWindow.RelationConfigPath'은(는) 'windows' 7.0 이상에서만 지원됩니다. (https://learn.microsoft.com/dotnet/fundamentals/code-analysis/quality-rules/ca1416) [G:\SpatialCheckPro2\SpatialCheckPro.GUI\SpatialCheckPro.GUI_uzag2hrm_wpftmp.csproj]
G:\SpatialCheckPro2\SpatialCheckPro.GUI\MainWindow.xaml.cs(1074,57): warning CA1416: 이 호출 사이트에는 모든 플랫폼에서 연결할 수 있습니다. 'ValidationSettingsWindow.EnableStage1'은(는) 'windows' 7.0 이상에서만 지원됩니다. (https://learn.microsoft.com/dotnet/fundamentals/code-analysis/quality-rules/ca1416) [G:\SpatialCheckPro2\SpatialCheckPro.GUI\SpatialCheckPro.GUI_uzag2hrm_wpftmp.csproj]
G:\SpatialCheckPro2\SpatialCheckPro.GUI\MainWindow.xaml.cs(1082,64): warning CA1416: 이 호출 사이트에는 모든 플랫폼에서 연결할 수 있습니다. 'ValidationSettingsWindow.SelectedStage3Items'은(는) 'windows' 7.0 이상에서만 지원됩니다. (https://learn.microsoft.com/dotnet/fundamentals/code-analysis/quality-rules/ca1416) [G:\SpatialCheckPro2\SpatialCheckPro.GUI\SpatialCheckPro.GUI_uzag2hrm_wpftmp.csproj]
G:\SpatialCheckPro2\SpatialCheckPro.GUI\MainWindow.xaml.cs(1080,64): warning CA1416: 이 호출 사이트에는 모든 플랫폼에서 연결할 수 있습니다. 'ValidationSettingsWindow.SelectedStage1Items'은(는) 'windows' 7.0 이상에서만 지원됩니다. (https://learn.microsoft.com/dotnet/fundamentals/code-analysis/quality-rules/ca1416) [G:\SpatialCheckPro2\SpatialCheckPro.GUI\SpatialCheckPro.GUI_uzag2hrm_wpftmp.csproj]
G:\SpatialCheckPro2\SpatialCheckPro.GUI\MainWindow.xaml.cs(1063,61): warning CA1416: 이 호출 사이트에는 모든 플랫폼에서 연결할 수 있습니다. 'ValidationSettingsWindow.SchemaConfigPath'은(는) 'windows' 7.0 이상에서만 지원됩니다. (https://learn.microsoft.com/dotnet/fundamentals/code-analysis/quality-rules/ca1416) [G:\SpatialCheckPro2\SpatialCheckPro.GUI\SpatialCheckPro.GUI_uzag2hrm_wpftmp.csproj]
G:\SpatialCheckPro2\SpatialCheckPro.GUI\MainWindow.xaml.cs(1176,38): warning CA1416: 이 호출 사이트에는 모든 플랫폼에서 연결할 수 있습니다. 'App.GetService<PdfReportService>()'은(는) 'windows' 7.0 이상에서만 지원됩니다. (https://learn.microsoft.com/dotnet/fundamentals/code-analysis/quality-rules/ca1416) [G:\SpatialCheckPro2\SpatialCheckPro.GUI\SpatialCheckPro.GUI_uzag2hrm_wpftmp.csproj]
G:\SpatialCheckPro2\SpatialCheckPro.GUI\MainWindow.xaml.cs(1190,28): warning CA1416: 이 호출 사이트에는 모든 플랫폼에서 연결할 수 있습니다. 'ReportView'은(는) 'windows' 7.0 이상에서만 지원됩니다. (https://learn.microsoft.com/dotnet/fundamentals/code-analysis/quality-rules/ca1416) [G:\SpatialCheckPro2\SpatialCheckPro.GUI\SpatialCheckPro.GUI_uzag2hrm_wpftmp.csproj]
G:\SpatialCheckPro2\SpatialCheckPro.GUI\MainWindow.xaml.cs(1192,35): warning CA1416: 이 호출 사이트에는 모든 플랫폼에서 연결할 수 있습니다. 'ReportView.GenerateHtmlReport()'은(는) 'windows' 7.0 이상에서만 지원됩니다. (https://learn.microsoft.com/dotnet/fundamentals/code-analysis/quality-rules/ca1416) [G:\SpatialCheckPro2\SpatialCheckPro.GUI\SpatialCheckPro.GUI_uzag2hrm_wpftmp.csproj]
G:\SpatialCheckPro2\SpatialCheckPro.GUI\MainWindow.xaml.cs(1191,17): warning CA1416: 이 호출 사이트에는 모든 플랫폼에서 연결할 수 있습니다. 'ReportView.SetValidationResult(ValidationResult?)'은(는) 'windows' 7.0 이상에서만 지원됩니다. (https://learn.microsoft.com/dotnet/fundamentals/code-analysis/quality-rules/ca1416) [G:\SpatialCheckPro2\SpatialCheckPro.GUI\SpatialCheckPro.GUI_uzag2hrm_wpftmp.csproj]

빌드하지 못했습니다.

G:\SpatialCheckPro2\SpatialCheckPro.GUI\Services\SimpleValidationService.cs(383,13): warning CS0162: 접근할 수 없는 코드가 있습니다. [G:\SpatialCheckPro2\SpatialCheckPro.GUI\SpatialCheckPro.GUI_uzag2hrm_wpftmp.csproj]
G:\SpatialCheckPro2\SpatialCheckPro.GUI\MainWindow.xaml.cs(52,34): warning CS0649: 'MainWindow._timer' 필드에는 할당되지 않으므로 항상 null 기본값을 사용합니다. [G:\SpatialCheckPro2\SpatialCheckPro.GUI\SpatialCheckPro.GUI_uzag2hrm_wpftmp.csproj]
G:\SpatialCheckPro2\SpatialCheckPro.GUI\MainWindow.xaml.cs(243,13): warning CA1416: 이 호출 사이트에는 모든 플랫폼에서 연결할 수 있습니다. 'CompactValidationProgressView.ValidationStopRequested'은(는) 'windows' 7.0 이상에서만 지원됩니다. (https://learn.microsoft.com/dotnet/fundamentals/code-analysis/quality-rules/ca1416) [G:\SpatialCheckPro2\SpatialCheckPro.GUI\SpatialCheckPro.GUI_uzag2hrm_wpftmp.csproj]
G:\SpatialCheckPro2\SpatialCheckPro.GUI\MainWindow.xaml.cs(239,32): warning CA1416: 이 호출 사이트에는 모든 플랫폼에서 연결할 수 있습니다. 'CompactValidationProgressView'은(는) 'windows' 7.0 이상에서만 지원됩니다. (https://learn.microsoft.com/dotnet/fundamentals/code-analysis/quality-rules/ca1416) [G:\SpatialCheckPro2\SpatialCheckPro.GUI\SpatialCheckPro.GUI_uzag2hrm_wpftmp.csproj]
G:\SpatialCheckPro2\SpatialCheckPro.GUI\MainWindow.xaml.cs(354,21): warning CA1416: 이 호출 사이트에는 모든 플랫폼에서 연결할 수 있습니다. 'ValidationResultView'은(는) 'windows' 7.0 이상에서만 지원됩니다. (https://learn.microsoft.com/dotnet/fundamentals/code-analysis/quality-rules/ca1416) [G:\SpatialCheckPro2\SpatialCheckPro.GUI\SpatialCheckPro.GUI_uzag2hrm_wpftmp.csproj]
G:\SpatialCheckPro2\SpatialCheckPro.GUI\MainWindow.xaml.cs(356,4): warning CA1416: 이 호출 사이트에는 모든 플랫폼에서 연결할 수 있습니다. 'ValidationResultView.SetValidationResult(ValidationResult)'은(는) 'windows' 7.0 이상에서만 지원됩니다. (https://learn.microsoft.com/dotnet/fundamentals/code-analysis/quality-rules/ca1416) [G:\SpatialCheckPro2\SpatialCheckPro.GUI\SpatialCheckPro.GUI_uzag2hrm_wpftmp.csproj]
G:\SpatialCheckPro2\SpatialCheckPro.GUI\MainWindow.xaml.cs(372,17): warning CA1416: 이 호출 사이트에는 모든 플랫폼에서 연결할 수 있습니다. 'ReportView.SetValidationResult(ValidationResult?)'은(는) 'windows' 7.0 이상에서만 지원됩니다. (https://learn.microsoft.com/dotnet/fundamentals/code-analysis/quality-rules/ca1416) [G:\SpatialCheckPro2\SpatialCheckPro.GUI\SpatialCheckPro.GUI_uzag2hrm_wpftmp.csproj]
G:\SpatialCheckPro2\SpatialCheckPro.GUI\MainWindow.xaml.cs(369,30): warning CA1416: 이 호출 사이트에는 모든 플랫폼에서 연결할 수 있습니다. 'ReportView'은(는) 'windows' 7.0 이상에서만 지원됩니다. (https://learn.microsoft.com/dotnet/fundamentals/code-analysis/quality-rules/ca1416) [G:\SpatialCheckPro2\SpatialCheckPro.GUI\SpatialCheckPro.GUI_uzag2hrm_wpftmp.csproj]
G:\SpatialCheckPro2\SpatialCheckPro.GUI\MainWindow.xaml.cs(382,37): warning CA1416: 이 호출 사이트에는 모든 플랫폼에서 연결할 수 있습니다. 'WelcomeView'은(는) 'windows' 7.0 이상에서만 지원됩니다. (https://learn.microsoft.com/dotnet/fundamentals/code-analysis/quality-rules/ca1416) [G:\SpatialCheckPro2\SpatialCheckPro.GUI\SpatialCheckPro.GUI_uzag2hrm_wpftmp.csproj]
G:\SpatialCheckPro2\SpatialCheckPro.GUI\MainWindow.xaml.cs(395,39): warning CA1416: 이 호출 사이트에는 모든 플랫폼에서 연결할 수 있습니다. 'FolderBrowserDialog'은(는) 'windows' 6.1 이상에서만 지원됩니다. (https://learn.microsoft.com/dotnet/fundamentals/code-analysis/quality-rules/ca1416) [G:\SpatialCheckPro2\SpatialCheckPro.GUI\SpatialCheckPro.GUI_uzag2hrm_wpftmp.csproj]
G:\SpatialCheckPro2\SpatialCheckPro.GUI\MainWindow.xaml.cs(402,42): warning CA1416: 이 호출 사이트에는 모든 플랫폼에서 연결할 수 있습니다. 'FolderBrowserDialog.SelectedPath'은(는) 'windows' 6.1 이상에서만 지원됩니다. (https://learn.microsoft.com/dotnet/fundamentals/code-analysis/quality-rules/ca1416) [G:\SpatialCheckPro2\SpatialCheckPro.GUI\SpatialCheckPro.GUI_uzag2hrm_wpftmp.csproj]
G:\SpatialCheckPro2\SpatialCheckPro.GUI\MainWindow.xaml.cs(405,41): warning CA1416: 이 호출 사이트에는 모든 플랫폼에서 연결할 수 있습니다. 'FolderSelectionPreviewDialog'은(는) 'windows' 7.0 이상에서만 지원됩니다. (https://learn.microsoft.com/dotnet/fundamentals/code-analysis/quality-rules/ca1416) [G:\SpatialCheckPro2\SpatialCheckPro.GUI\SpatialCheckPro.GUI_uzag2hrm_wpftmp.csproj]
G:\SpatialCheckPro2\SpatialCheckPro.GUI\MainWindow.xaml.cs(410,63): warning CA1416: 이 호출 사이트에는 모든 플랫폼에서 연결할 수 있습니다. 'FolderSelectionPreviewDialog.IsContinue'은(는) 'windows' 7.0 이상에서만 지원됩니다. (https://learn.microsoft.com/dotnet/fundamentals/code-analysis/quality-rules/ca1416) [G:\SpatialCheckPro2\SpatialCheckPro.GUI\SpatialCheckPro.GUI_uzag2hrm_wpftmp.csproj]
G:\SpatialCheckPro2\SpatialCheckPro.GUI\MainWindow.xaml.cs(400,21): warning CA1416: 이 호출 사이트에는 모든 플랫폼에서 연결할 수 있습니다. 'CommonDialog.ShowDialog()'은(는) 'windows' 6.1 이상에서만 지원됩니다. (https://learn.microsoft.com/dotnet/fundamentals/code-analysis/quality-rules/ca1416) [G:\SpatialCheckPro2\SpatialCheckPro.GUI\SpatialCheckPro.GUI_uzag2hrm_wpftmp.csproj]
G:\SpatialCheckPro2\SpatialCheckPro.GUI\MainWindow.xaml.cs(414,46): warning CA1416: 이 호출 사이트에는 모든 플랫폼에서 연결할 수 있습니다. 'FolderSelectionPreviewDialog.SelectedGdbPaths'은(는) 'windows' 7.0 이상에서만 지원됩니다. (https://learn.microsoft.com/dotnet/fundamentals/code-analysis/quality-rules/ca1416) [G:\SpatialCheckPro2\SpatialCheckPro.GUI\SpatialCheckPro.GUI_uzag2hrm_wpftmp.csproj]
G:\SpatialCheckPro2\SpatialCheckPro.GUI\MainWindow.xaml.cs(398,17): warning CA1416: 이 호출 사이트에는 모든 플랫폼에서 연결할 수 있습니다. 'FolderBrowserDialog.ShowNewFolderButton'은(는) 'windows' 6.1 이상에서만 지원됩니다. (https://learn.microsoft.com/dotnet/fundamentals/code-analysis/quality-rules/ca1416) [G:\SpatialCheckPro2\SpatialCheckPro.GUI\SpatialCheckPro.GUI_uzag2hrm_wpftmp.csproj]
G:\SpatialCheckPro2\SpatialCheckPro.GUI\MainWindow.xaml.cs(397,17): warning CA1416: 이 호출 사이트에는 모든 플랫폼에서 연결할 수 있습니다. 'FolderBrowserDialog.Description'은(는) 'windows' 6.1 이상에서만 지원됩니다. (https://learn.microsoft.com/dotnet/fundamentals/code-analysis/quality-rules/ca1416) [G:\SpatialCheckPro2\SpatialCheckPro.GUI\SpatialCheckPro.GUI_uzag2hrm_wpftmp.csproj]
G:\SpatialCheckPro2\SpatialCheckPro.GUI\MainWindow.xaml.cs(1043,36): warning CA1416: 이 호출 사이트에는 모든 플랫폼에서 연결할 수 있습니다. 'ValidationSettingsView'은(는) 'windows' 7.0 이상에서만 지원됩니다. (https://learn.microsoft.com/dotnet/fundamentals/code-analysis/quality-rules/ca1416) [G:\SpatialCheckPro2\SpatialCheckPro.GUI\SpatialCheckPro.GUI_uzag2hrm_wpftmp.csproj]
G:\SpatialCheckPro2\SpatialCheckPro.GUI\MainWindow.xaml.cs(1077,57): warning CA1416: 이 호출 사이트에는 모든 플랫폼에서 연결할 수 있습니다. 'ValidationSettingsWindow.EnableStage4'은(는) 'windows' 7.0 이상에서만 지원됩니다. (https://learn.microsoft.com/dotnet/fundamentals/code-analysis/quality-rules/ca1416) [G:\SpatialCheckPro2\SpatialCheckPro.GUI\SpatialCheckPro.GUI_uzag2hrm_wpftmp.csproj]
G:\SpatialCheckPro2\SpatialCheckPro.GUI\MainWindow.xaml.cs(1075,57): warning CA1416: 이 호출 사이트에는 모든 플랫폼에서 연결할 수 있습니다. 'ValidationSettingsWindow.EnableStage2'은(는) 'windows' 7.0 이상에서만 지원됩니다. (https://learn.microsoft.com/dotnet/fundamentals/code-analysis/quality-rules/ca1416) [G:\SpatialCheckPro2\SpatialCheckPro.GUI\SpatialCheckPro.GUI_uzag2hrm_wpftmp.csproj]
G:\SpatialCheckPro2\SpatialCheckPro.GUI\MainWindow.xaml.cs(1064,63): warning CA1416: 이 호출 사이트에는 모든 플랫폼에서 연결할 수 있습니다. 'ValidationSettingsWindow.GeometryConfigPath'은(는) 'windows' 7.0 이상에서만 지원됩니다. (https://learn.microsoft.com/dotnet/fundamentals/code-analysis/quality-rules/ca1416) [G:\SpatialCheckPro2\SpatialCheckPro.GUI\SpatialCheckPro.GUI_uzag2hrm_wpftmp.csproj]
G:\SpatialCheckPro2\SpatialCheckPro.GUI\MainWindow.xaml.cs(1083,64): warning CA1416: 이 호출 사이트에는 모든 플랫폼에서 연결할 수 있습니다. 'ValidationSettingsWindow.SelectedStage4Items'은(는) 'windows' 7.0 이상에서만 지원됩니다. (https://learn.microsoft.com/dotnet/fundamentals/code-analysis/quality-rules/ca1416) [G:\SpatialCheckPro2\SpatialCheckPro.GUI\SpatialCheckPro.GUI_uzag2hrm_wpftmp.csproj]
G:\SpatialCheckPro2\SpatialCheckPro.GUI\MainWindow.xaml.cs(1062,60): warning CA1416: 이 호출 사이트에는 모든 플랫폼에서 연결할 수 있습니다. 'ValidationSettingsWindow.TableConfigPath'은(는) 'windows' 7.0 이상에서만 지원됩니다. (https://learn.microsoft.com/dotnet/fundamentals/code-analysis/quality-rules/ca1416) [G:\SpatialCheckPro2\SpatialCheckPro.GUI\SpatialCheckPro.GUI_uzag2hrm_wpftmp.csproj]
G:\SpatialCheckPro2\SpatialCheckPro.GUI\MainWindow.xaml.cs(1071,37): warning CA1416: 이 호출 사이트에는 모든 플랫폼에서 연결할 수 있습니다. 'ValidationSettingsWindow.TargetPath'은(는) 'windows' 7.0 이상에서만 지원됩니다. (https://learn.microsoft.com/dotnet/fundamentals/code-analysis/quality-rules/ca1416) [G:\SpatialCheckPro2\SpatialCheckPro.GUI\SpatialCheckPro.GUI_uzag2hrm_wpftmp.csproj]
G:\SpatialCheckPro2\SpatialCheckPro.GUI\MainWindow.xaml.cs(1069,44): warning CA1416: 이 호출 사이트에는 모든 플랫폼에서 연결할 수 있습니다. 'ValidationSettingsWindow.TargetPath'은(는) 'windows' 7.0 이상에서만 지원됩니다. (https://learn.microsoft.com/dotnet/fundamentals/code-analysis/quality-rules/ca1416) [G:\SpatialCheckPro2\SpatialCheckPro.GUI\SpatialCheckPro.GUI_uzag2hrm_wpftmp.csproj]
G:\SpatialCheckPro2\SpatialCheckPro.GUI\MainWindow.xaml.cs(1084,64): warning CA1416: 이 호출 사이트에는 모든 플랫폼에서 연결할 수 있습니다. 'ValidationSettingsWindow.SelectedStage5Items'은(는) 'windows' 7.0 이상에서만 지원됩니다. (https://learn.microsoft.com/dotnet/fundamentals/code-analysis/quality-rules/ca1416) [G:\SpatialCheckPro2\SpatialCheckPro.GUI\SpatialCheckPro.GUI_uzag2hrm_wpftmp.csproj]
G:\SpatialCheckPro2\SpatialCheckPro.GUI\MainWindow.xaml.cs(1076,57): warning CA1416: 이 호출 사이트에는 모든 플랫폼에서 연결할 수 있습니다. 'ValidationSettingsWindow.EnableStage3'은(는) 'windows' 7.0 이상에서만 지원됩니다. (https://learn.microsoft.com/dotnet/fundamentals/code-analysis/quality-rules/ca1416) [G:\SpatialCheckPro2\SpatialCheckPro.GUI\SpatialCheckPro.GUI_uzag2hrm_wpftmp.csproj]
G:\SpatialCheckPro2\SpatialCheckPro.GUI\MainWindow.xaml.cs(1066,64): warning CA1416: 이 호출 사이트에는 모든 플랫폼에서 연결할 수 있습니다. 'ValidationSettingsWindow.AttributeConfigPath'은(는) 'windows' 7.0 이상에서만 지원됩니다. (https://learn.microsoft.com/dotnet/fundamentals/code-analysis/quality-rules/ca1416) [G:\SpatialCheckPro2\SpatialCheckPro.GUI\SpatialCheckPro.GUI_uzag2hrm_wpftmp.csproj]
G:\SpatialCheckPro2\SpatialCheckPro.GUI\MainWindow.xaml.cs(1081,64): warning CA1416: 이 호출 사이트에는 모든 플랫폼에서 연결할 수 있습니다. 'ValidationSettingsWindow.SelectedStage2Items'은(는) 'windows' 7.0 이상에서만 지원됩니다. (https://learn.microsoft.com/dotnet/fundamentals/code-analysis/quality-rules/ca1416) [G:\SpatialCheckPro2\SpatialCheckPro.GUI\SpatialCheckPro.GUI_uzag2hrm_wpftmp.csproj]
G:\SpatialCheckPro2\SpatialCheckPro.GUI\MainWindow.xaml.cs(1067,65): warning CA1416: 이 호출 사이트에는 모든 플랫폼에서 연결할 수 있습니다. 'ValidationSettingsWindow.GeometryCriteriaPath'은(는) 'windows' 7.0 이상에서만 지원됩니다. (https://learn.microsoft.com/dotnet/fundamentals/code-analysis/quality-rules/ca1416) [G:\SpatialCheckPro2\SpatialCheckPro.GUI\SpatialCheckPro.GUI_uzag2hrm_wpftmp.csproj]
G:\SpatialCheckPro2\SpatialCheckPro.GUI\MainWindow.xaml.cs(1078,57): warning CA1416: 이 호출 사이트에는 모든 플랫폼에서 연결할 수 있습니다. 'ValidationSettingsWindow.EnableStage5'은(는) 'windows' 7.0 이상에서만 지원됩니다. (https://learn.microsoft.com/dotnet/fundamentals/code-analysis/quality-rules/ca1416) [G:\SpatialCheckPro2\SpatialCheckPro.GUI\SpatialCheckPro.GUI_uzag2hrm_wpftmp.csproj]
G:\SpatialCheckPro2\SpatialCheckPro.GUI\MainWindow.xaml.cs(1065,63): warning CA1416: 이 호출 사이트에는 모든 플랫폼에서 연결할 수 있습니다. 'ValidationSettingsWindow.RelationConfigPath'은(는) 'windows' 7.0 이상에서만 지원됩니다. (https://learn.microsoft.com/dotnet/fundamentals/code-analysis/quality-rules/ca1416) [G:\SpatialCheckPro2\SpatialCheckPro.GUI\SpatialCheckPro.GUI_uzag2hrm_wpftmp.csproj]
G:\SpatialCheckPro2\SpatialCheckPro.GUI\MainWindow.xaml.cs(1074,57): warning CA1416: 이 호출 사이트에는 모든 플랫폼에서 연결할 수 있습니다. 'ValidationSettingsWindow.EnableStage1'은(는) 'windows' 7.0 이상에서만 지원됩니다. (https://learn.microsoft.com/dotnet/fundamentals/code-analysis/quality-rules/ca1416) [G:\SpatialCheckPro2\SpatialCheckPro.GUI\SpatialCheckPro.GUI_uzag2hrm_wpftmp.csproj]
G:\SpatialCheckPro2\SpatialCheckPro.GUI\MainWindow.xaml.cs(1082,64): warning CA1416: 이 호출 사이트에는 모든 플랫폼에서 연결할 수 있습니다. 'ValidationSettingsWindow.SelectedStage3Items'은(는) 'windows' 7.0 이상에서만 지원됩니다. (https://learn.microsoft.com/dotnet/fundamentals/code-analysis/quality-rules/ca1416) [G:\SpatialCheckPro2\SpatialCheckPro.GUI\SpatialCheckPro.GUI_uzag2hrm_wpftmp.csproj]
G:\SpatialCheckPro2\SpatialCheckPro.GUI\MainWindow.xaml.cs(1080,64): warning CA1416: 이 호출 사이트에는 모든 플랫폼에서 연결할 수 있습니다. 'ValidationSettingsWindow.SelectedStage1Items'은(는) 'windows' 7.0 이상에서만 지원됩니다. (https://learn.microsoft.com/dotnet/fundamentals/code-analysis/quality-rules/ca1416) [G:\SpatialCheckPro2\SpatialCheckPro.GUI\SpatialCheckPro.GUI_uzag2hrm_wpftmp.csproj]
G:\SpatialCheckPro2\SpatialCheckPro.GUI\MainWindow.xaml.cs(1063,61): warning CA1416: 이 호출 사이트에는 모든 플랫폼에서 연결할 수 있습니다. 'ValidationSettingsWindow.SchemaConfigPath'은(는) 'windows' 7.0 이상에서만 지원됩니다. (https://learn.microsoft.com/dotnet/fundamentals/code-analysis/quality-rules/ca1416) [G:\SpatialCheckPro2\SpatialCheckPro.GUI\SpatialCheckPro.GUI_uzag2hrm_wpftmp.csproj]
G:\SpatialCheckPro2\SpatialCheckPro.GUI\MainWindow.xaml.cs(1176,38): warning CA1416: 이 호출 사이트에는 모든 플랫폼에서 연결할 수 있습니다. 'App.GetService<PdfReportService>()'은(는) 'windows' 7.0 이상에서만 지원됩니다. (https://learn.microsoft.com/dotnet/fundamentals/code-analysis/quality-rules/ca1416) [G:\SpatialCheckPro2\SpatialCheckPro.GUI\SpatialCheckPro.GUI_uzag2hrm_wpftmp.csproj]
G:\SpatialCheckPro2\SpatialCheckPro.GUI\MainWindow.xaml.cs(1190,28): warning CA1416: 이 호출 사이트에는 모든 플랫폼에서 연결할 수 있습니다. 'ReportView'은(는) 'windows' 7.0 이상에서만 지원됩니다. (https://learn.microsoft.com/dotnet/fundamentals/code-analysis/quality-rules/ca1416) [G:\SpatialCheckPro2\SpatialCheckPro.GUI\SpatialCheckPro.GUI_uzag2hrm_wpftmp.csproj]
G:\SpatialCheckPro2\SpatialCheckPro.GUI\MainWindow.xaml.cs(1192,35): warning CA1416: 이 호출 사이트에는 모든 플랫폼에서 연결할 수 있습니다. 'ReportView.GenerateHtmlReport()'은(는) 'windows' 7.0 이상에서만 지원됩니다. (https://learn.microsoft.com/dotnet/fundamentals/code-analysis/quality-rules/ca1416) [G:\SpatialCheckPro2\SpatialCheckPro.GUI\SpatialCheckPro.GUI_uzag2hrm_wpftmp.csproj]
G:\SpatialCheckPro2\SpatialCheckPro.GUI\MainWindow.xaml.cs(1191,17): warning CA1416: 이 호출 사이트에는 모든 플랫폼에서 연결할 수 있습니다. 'ReportView.SetValidationResult(ValidationResult?)'은(는) 'windows' 7.0 이상에서만 지원됩니다. (https://learn.microsoft.com/dotnet/fundamentals/code-analysis/quality-rules/ca1416) [G:\SpatialCheckPro2\SpatialCheckPro.GUI\SpatialCheckPro.GUI_uzag2hrm_wpftmp.csproj]
G:\SpatialCheckPro2\SpatialCheckPro.GUI\MainWindow.xaml.cs(575,53): error CS1501: 인수 8개를 사용하는 'ValidateAsync' 메서드에 대한 오버로드가 없습니다. [G:\SpatialCheckPro2\SpatialCheckPro.GUI\SpatialCheckPro.GUI_uzag2hrm_wpftmp.csproj]
G:\SpatialCheckPro2\SpatialCheckPro.GUI\MainWindow.xaml.cs(847,55): error CS1501: 인수 8개를 사용하는 'ValidateAsync' 메서드에 대한 오버로드가 없습니다. [G:\SpatialCheckPro2\SpatialCheckPro.GUI\SpatialCheckPro.GUI_uzag2hrm_wpftmp.csproj]
G:\SpatialCheckPro2\SpatialCheckPro.GUI\Services\SimpleValidationService.cs(381,26): error CS1501: 인수 9개를 사용하는 'ValidateAsync' 메서드에 대한 오버로드가 없습니다. [G:\SpatialCheckPro2\SpatialCheckPro.GUI\SpatialCheckPro.GUI_uzag2hrm_wpftmp.csproj]
G:\SpatialCheckPro2\SpatialCheckPro.GUI\Services\SimpleValidationService.cs(388,21): error CS0103: 'isLargeFile' 이름이 현재 컨텍스트에 없습니다. [G:\SpatialCheckPro2\SpatialCheckPro.GUI\SpatialCheckPro.GUI_uzag2hrm_wpftmp.csproj]
G:\SpatialCheckPro2\SpatialCheckPro.GUI\Services\SimpleValidationService.cs(389,21): error CS0103: 'processingMode' 이름이 현재 컨텍스트에 없습니다. [G:\SpatialCheckPro2\SpatialCheckPro.GUI\SpatialCheckPro.GUI_uzag2hrm_wpftmp.csproj]
G:\SpatialCheckPro2\SpatialCheckPro.GUI\Services\SimpleValidationService.cs(391,98): error CS0103: 'isLargeFile' 이름이 현재 컨텍스트에 없습니다. [G:\SpatialCheckPro2\SpatialCheckPro.GUI\SpatialCheckPro.GUI_uzag2hrm_wpftmp.csproj]
G:\SpatialCheckPro2\SpatialCheckPro.GUI\Services\SimpleValidationService.cs(391,111): error CS0103: 'processingMode' 이름이 현재 컨텍스트에 없습니다. [G:\SpatialCheckPro2\SpatialCheckPro.GUI\SpatialCheckPro.GUI_uzag2hrm_wpftmp.csproj]
G:\SpatialCheckPro2\SpatialCheckPro.GUI\Services\SimpleValidationService.cs(402,17): error CS0103: 'fileSize' 이름이 현재 컨텍스트에 없습니다. [G:\SpatialCheckPro2\SpatialCheckPro.GUI\SpatialCheckPro.GUI_uzag2hrm_wpftmp.csproj]
G:\SpatialCheckPro2\SpatialCheckPro.GUI\Services\SimpleValidationService.cs(403,17): error CS0103: 'sizeThresholdExceeded' 이름이 현재 컨텍스트에 없습니다. [G:\SpatialCheckPro2\SpatialCheckPro.GUI\SpatialCheckPro.GUI_uzag2hrm_wpftmp.csproj]
G:\SpatialCheckPro2\SpatialCheckPro.GUI\Services\SimpleValidationService.cs(404,17): error CS0103: 'processingMode' 이름이 현재 컨텍스트에 없습니다. [G:\SpatialCheckPro2\SpatialCheckPro.GUI\SpatialCheckPro.GUI_uzag2hrm_wpftmp.csproj]
G:\SpatialCheckPro2\SpatialCheckPro.GUI\Services\SimpleValidationService.cs(415,54): error CS0103: 'fileSize' 이름이 현재 컨텍스트에 없습니다. [G:\SpatialCheckPro2\SpatialCheckPro.GUI\SpatialCheckPro.GUI_uzag2hrm_wpftmp.csproj]
G:\SpatialCheckPro2\SpatialCheckPro.GUI\Services\SimpleValidationService.cs(438,17): error CS0103: 'cancellationToken' 이름이 현재 컨텍스트에 없습니다. [G:\SpatialCheckPro2\SpatialCheckPro.GUI\SpatialCheckPro.GUI_uzag2hrm_wpftmp.csproj]
G:\SpatialCheckPro2\SpatialCheckPro.GUI\Services\SimpleValidationService.cs(445,97): error CS0103: 'cancellationToken' 이름이 현재 컨텍스트에 없습니다. [G:\SpatialCheckPro2\SpatialCheckPro.GUI\SpatialCheckPro.GUI_uzag2hrm_wpftmp.csproj]
G:\SpatialCheckPro2\SpatialCheckPro.GUI\Services\SimpleValidationService.cs(448,29): error CS0103: 'useHighPerformanceMode' 이름이 현재 컨텍스트에 없습니다. [G:\SpatialCheckPro2\SpatialCheckPro.GUI\SpatialCheckPro.GUI_uzag2hrm_wpftmp.csproj]
G:\SpatialCheckPro2\SpatialCheckPro.GUI\Services\SimpleValidationService.cs(458,21): error CS0103: 'useHighPerformanceMode' 이름이 현재 컨텍스트에 없습니다. [G:\SpatialCheckPro2\SpatialCheckPro.GUI\SpatialCheckPro.GUI_uzag2hrm_wpftmp.csproj]
G:\SpatialCheckPro2\SpatialCheckPro.GUI\Services\SimpleValidationService.cs(473,25): error CS0103: 'useHighPerformanceMode' 이름이 현재 컨텍스트에 없습니다. [G:\SpatialCheckPro2\SpatialCheckPro.GUI\SpatialCheckPro.GUI_uzag2hrm_wpftmp.csproj]
G:\SpatialCheckPro2\SpatialCheckPro.GUI\Services\SimpleValidationService.cs(490,45): error CS0103: 'tableConfigPath' 이름이 현재 컨텍스트에 없습니다. [G:\SpatialCheckPro2\SpatialCheckPro.GUI\SpatialCheckPro.GUI_uzag2hrm_wpftmp.csproj]
G:\SpatialCheckPro2\SpatialCheckPro.GUI\Services\SimpleValidationService.cs(491,46): error CS0103: 'schemaConfigPath' 이름이 현재 컨텍스트에 없습니다. [G:\SpatialCheckPro2\SpatialCheckPro.GUI\SpatialCheckPro.GUI_uzag2hrm_wpftmp.csproj]
G:\SpatialCheckPro2\SpatialCheckPro.GUI\Services\SimpleValidationService.cs(492,48): error CS0103: 'geometryConfigPath' 이름이 현재 컨텍스트에 없습니다. [G:\SpatialCheckPro2\SpatialCheckPro.GUI\SpatialCheckPro.GUI_uzag2hrm_wpftmp.csproj]
G:\SpatialCheckPro2\SpatialCheckPro.GUI\Services\SimpleValidationService.cs(493,49): error CS0103: 'attributeConfigPath' 이름이 현재 컨텍스트에 없습니다. [G:\SpatialCheckPro2\SpatialCheckPro.GUI\SpatialCheckPro.GUI_uzag2hrm_wpftmp.csproj]
G:\SpatialCheckPro2\SpatialCheckPro.GUI\Services\SimpleValidationService.cs(494,48): error CS0103: 'relationConfigPath' 이름이 현재 컨텍스트에 없습니다. [G:\SpatialCheckPro2\SpatialCheckPro.GUI\SpatialCheckPro.GUI_uzag2hrm_wpftmp.csproj]
G:\SpatialCheckPro2\SpatialCheckPro.GUI\Services\SimpleValidationService.cs(533,21): error CS0103: 'cancellationToken' 이름이 현재 컨텍스트에 없습니다. [G:\SpatialCheckPro2\SpatialCheckPro.GUI\SpatialCheckPro.GUI_uzag2hrm_wpftmp.csproj]
G:\SpatialCheckPro2\SpatialCheckPro.GUI\Services\SimpleValidationService.cs(538,87): error CS0103: 'cancellationToken' 이름이 현재 컨텍스트에 없습니다. [G:\SpatialCheckPro2\SpatialCheckPro.GUI\SpatialCheckPro.GUI_uzag2hrm_wpftmp.csproj]
G:\SpatialCheckPro2\SpatialCheckPro.GUI\Services\SimpleValidationService.cs(569,100): error CS0103: 'codelistPath' 이름이 현재 컨텍스트에 없습니다. [G:\SpatialCheckPro2\SpatialCheckPro.GUI\SpatialCheckPro.GUI_uzag2hrm_wpftmp.csproj]
G:\SpatialCheckPro2\SpatialCheckPro.GUI\Services\SimpleValidationService.cs(569,114): error CS0103: 'cancellationToken' 이름이 현재 컨텍스트에 없습니다. [G:\SpatialCheckPro2\SpatialCheckPro.GUI\SpatialCheckPro.GUI_uzag2hrm_wpftmp.csproj]
G:\SpatialCheckPro2\SpatialCheckPro.GUI\Services\SimpleValidationService.cs(617,17): error CS0103: 'totalStopwatch' 이름이 현재 컨텍스트에 없습니다. [G:\SpatialCheckPro2\SpatialCheckPro.GUI\SpatialCheckPro.GUI_uzag2hrm_wpftmp.csproj]
G:\SpatialCheckPro2\SpatialCheckPro.GUI\Services\SimpleValidationService.cs(619,41): error CS0103: 'totalStopwatch' 이름이 현재 컨텍스트에 없습니다. [G:\SpatialCheckPro2\SpatialCheckPro.GUI\SpatialCheckPro.GUI_uzag2hrm_wpftmp.csproj]
G:\SpatialCheckPro2\SpatialCheckPro.GUI\Services\SimpleValidationService.cs(627,35): error CS0103: 'fileSize' 이름이 현재 컨텍스트에 없습니다. [G:\SpatialCheckPro2\SpatialCheckPro.GUI\SpatialCheckPro.GUI_uzag2hrm_wpftmp.csproj]
G:\SpatialCheckPro2\SpatialCheckPro.GUI\Views\ValidationResultView.xaml.cs(564,54): error CS1501: 인수 9개를 사용하는 'ValidateAsync' 메서드에 대한 오버로드가 없습니다. [G:\SpatialCheckPro2\SpatialCheckPro.GUI\SpatialCheckPro.GUI_uzag2hrm_wpftmp.csproj]
    경고 40개
    오류 29개

경과 시간: 00:00:01.76
